scratch/verify_fiscal_integration.ts(2,37): error TS2307: Cannot find module '../src/domain/services/LegalArchiveService' or its corresponding type declarations.
scratch/verify_fiscal_integration.ts(20,44): error TS2339: Property 'runAudit' does not exist on type '{ sealEntry(transactionId: string, data: Record<string, unknown>, options?: { lastSeal?: { id: string; transactionId: string; previousHash: string; hash: string; timestamp: string; dataSnapshot: string; signature: string; } | undefined; isTrainingMode?: boolean | undefined; instanceId?: string | undefined; }): Promi...'.
scratch/verify_fiscal_integration.ts(34,43): error TS2339: Property 'runAudit' does not exist on type '{ sealEntry(transactionId: string, data: Record<string, unknown>, options?: { lastSeal?: { id: string; transactionId: string; previousHash: string; hash: string; timestamp: string; dataSnapshot: string; signature: string; } | undefined; isTrainingMode?: boolean | undefined; instanceId?: string | undefined; }): Promi...'.
scripts/live-relay.ts(3,16): error TS7016: Could not find a declaration file for module 'ws'. '/Users/mohammed-aliboudjaadar/RESTAURANT-OS-CORE/node_modules/ws/index.js' implicitly has an 'any' type.
  Try `npm i --save-dev @types/ws` if it exists or add a new declaration (.d.ts) file containing `declare module 'ws';`
scripts/live-relay.ts(35,23): error TS7006: Parameter 'socket' implicitly has an 'any' type.
scripts/live-relay.ts(42,27): error TS7006: Parameter 'message' implicitly has an 'any' type.
scripts/live-relay.ts(42,36): error TS7006: Parameter 'isBinary' implicitly has an 'any' type.
scripts/live-relay.ts(53,29): error TS7006: Parameter 'message' implicitly has an 'any' type.
scripts/live-relay.ts(53,38): error TS7006: Parameter 'isBinary' implicitly has an 'any' type.
scripts/live-relay.ts(59,27): error TS7006: Parameter 'err' implicitly has an 'any' type.
scripts/live-relay.ts(74,25): error TS7006: Parameter 'err' implicitly has an 'any' type.
src/app/(admin)/account-settings/page.tsx(6,5): error TS2305: Module '"@/domain/services/AccessPolicyManager"' has no exported member 'ALL_CATEGORIES'.
src/app/(admin)/actions/operations.ts(5,10): error TS2305: Module '"@/types/tables.types"' has no exported member 'Area'.
src/app/(admin)/actions/reservations.ts(39,45): error TS2554: Expected 2 arguments, but got 3.
src/app/(admin)/admin/inventory/reception/page.tsx(19,61): error TS2307: Cannot find module '@/app/actions/inventory' or its corresponding type declarations.
src/app/(admin)/admin/inventory/reception/page.tsx(20,23): error TS2307: Cannot find module 'sonner' or its corresponding type declarations.
src/app/(admin)/admin/prospecting/page.tsx(9,40): error TS2307: Cannot find module '@/app/actions/branding' or its corresponding type declarations.
src/app/(admin)/admin/prospecting/page.tsx(13,11): error TS2339: Property 'updateTheme' does not exist on type 'NexusSettingsState'.
src/app/(admin)/admin/prospecting/page.tsx(13,24): error TS2339: Property 'updateIdentity' does not exist on type 'NexusSettingsState'.
src/app/(admin)/api/admin/fleet/route.ts(15,51): error TS2339: Property 'discoverRealFleet' does not exist on type 'typeof FleetTelemetryService'.
src/app/(admin)/api/admin/fleet/route.ts(18,41): error TS2339: Property 'getGlobalMetrics' does not exist on type 'typeof FleetTelemetryService'.
src/app/(admin)/settings/page.tsx(138,53): error TS2304: Cannot find name 'SERVICE_SCHEMA'.
src/app/(backoffice)/accounting/page.tsx(39,13): error TS2339: Property 'sidebarOpen' does not exist on type 'NexusUIState'.
src/app/(backoffice)/accounting/page.tsx(168,54): error TS2304: Cannot find name 'viewMode'.
src/app/(backoffice)/accounting/page.tsx(174,34): error TS2304: Cannot find name 'viewMode'.
src/app/(hr)/leaves/page.tsx(47,91): error TS2367: This comparison appears to be unintentional because the types '"server" | "floor_manager" | "kitchen_chef" | "kitchen_line" | "bartender" | "host" | "cashier" | undefined' and '"owner"' have no overlap.
src/app/(hr)/leaves/page.tsx(96,65): error TS2339: Property 'email' does not exist on type 'User'.
src/app/(hr)/planning/page.tsx(28,23): error TS2305: Module '"@/context/PlanningContext"' has no exported member 'Shift'.
src/app/(hr)/planning/page.tsx(68,30): error TS7006: Parameter 's' implicitly has an 'any' type.
src/app/(hr)/planning/page.tsx(129,49): error TS7006: Parameter 's' implicitly has an 'any' type.
src/app/(hr)/planning/page.tsx(130,46): error TS7006: Parameter 's' implicitly has an 'any' type.
src/app/(hr)/planning/page.tsx(178,62): error TS7006: Parameter 's' implicitly has an 'any' type.
src/app/(hr)/planning/page.tsx(223,100): error TS7006: Parameter 's' implicitly has an 'any' type.
src/app/(hr)/planning/page.tsx(294,37): error TS7006: Parameter 's' implicitly has an 'any' type.
src/app/(hr)/planning/page.tsx(295,34): error TS7006: Parameter 's' implicitly has an 'any' type.
src/app/(hr)/staff/page.tsx(127,74): error TS7006: Parameter 's' implicitly has an 'any' type.
src/app/(hr)/staff/page.tsx(131,78): error TS7006: Parameter 's' implicitly has an 'any' type.
src/app/(hr)/staff/page.tsx(210,74): error TS7006: Parameter 's' implicitly has an 'any' type.
src/app/(hr)/staff/page.tsx(211,80): error TS7006: Parameter 'acc' implicitly has an 'any' type.
src/app/(hr)/staff/page.tsx(211,85): error TS7006: Parameter 's' implicitly has an 'any' type.
src/app/(marketing)/ai-referencing/page.tsx(66,37): error TS2339: Property 'rating' does not exist on type 'SEOConfig'.
src/app/(marketing)/ai-referencing/page.tsx(67,37): error TS2339: Property 'reviewCount' does not exist on type 'SEOConfig'.
src/app/(marketing)/ai-referencing/page.tsx(77,22): error TS2339: Property 'googleBusinessConnected' does not exist on type 'SEOConfig'.
src/app/(marketing)/ai-referencing/page.tsx(78,22): error TS2339: Property 'schemaValidated' does not exist on type 'SEOConfig'.
src/app/(marketing)/ai-referencing/page.tsx(116,30): error TS2339: Property 'googleBusinessConnected' does not exist on type 'SEOConfig'.
src/app/(marketing)/ai-referencing/page.tsx(117,35): error TS2339: Property 'googleBusinessConnected' does not exist on type 'SEOConfig'.
src/app/(marketing)/analytics-integration/page.tsx(84,32): error TS2339: Property 'analytics' does not exist on type 'SEOConfig'.
src/app/(marketing)/analytics-integration/page.tsx(96,36): error TS2339: Property 'googlePropertyId' does not exist on type 'SEOConfig'.
src/app/(marketing)/analytics-integration/page.tsx(179,111): error TS2339: Property 'googlePropertyId' does not exist on type 'SEOConfig'.
src/app/(marketing)/analytics/page.tsx(38,13): error TS2339: Property 'data' does not exist on type '{ orders: Order[]; isLoading: boolean; error: string | null; getPendingModifications: () => OrderItemModification[]; }'.
src/app/(marketing)/analytics/page.tsx(38,27): error TS2339: Property 'totalRevenue' does not exist on type '{ orders: Order[]; isLoading: boolean; error: string | null; getPendingModifications: () => OrderItemModification[]; }'.
src/app/(marketing)/crm/page.tsx(58,13): error TS2349: This expression is not callable.
  Type 'never' has no call signatures.
src/app/(marketing)/omnichannel-reservations/page.tsx(73,31): error TS2339: Property 'source' does not exist on type 'Reservation'.
src/app/(marketing)/omnichannel-reservations/page.tsx(75,31): error TS2339: Property 'name' does not exist on type 'Reservation'.
src/app/(marketing)/omnichannel-reservations/page.tsx(83,66): error TS2339: Property 'guests' does not exist on type 'Reservation'.
src/app/(marketing)/omnichannel-reservations/page.tsx(202,107): error TS2339: Property 'source' does not exist on type 'Reservation'.
src/app/(marketing)/omnichannel-reservations/page.tsx(203,104): error TS2339: Property 'source' does not exist on type 'Reservation'.
src/app/(marketing)/omnichannel-reservations/page.tsx(204,110): error TS2339: Property 'source' does not exist on type 'Reservation'.
src/app/(marketing)/omnichannel-reservations/page.tsx(205,108): error TS2339: Property 'source' does not exist on type 'Reservation'.
src/app/(marketing)/omnichannel-reservations/page.tsx(206,106): error TS2339: Property 'source' does not exist on type 'Reservation'.
src/app/(marketing)/omnichannel-reservations/page.tsx(207,106): error TS2339: Property 'source' does not exist on type 'Reservation'.
src/app/(marketing)/omnichannel-reservations/page.tsx(267,72): error TS2339: Property 'source' does not exist on type 'Reservation'.
src/app/(marketing)/omnichannel-reservations/page.tsx(288,161): error TS2339: Property 'name' does not exist on type 'Reservation'.
src/app/(marketing)/omnichannel-reservations/page.tsx(312,68): error TS2339: Property 'guests' does not exist on type 'Reservation'.
src/app/(marketing)/omnichannel-reservations/page.tsx(316,68): error TS2551: Property 'table' does not exist on type 'Reservation'. Did you mean 'tableId'?
src/app/(marketing)/reservations/components/ReservationCalendarPopup.tsx(32,13): error TS2339: Property 'language' does not exist on type 'NexusLangState'.
src/app/(marketing)/reservations/components/ReservationToolbar.tsx(43,16): error TS2339: Property 'language' does not exist on type 'NexusLangState'.
src/app/(marketing)/reservations/page.tsx(12,36): error TS2307: Cannot find module '@/components/ReservationSidebar' or its corresponding type declarations.
src/app/(marketing)/reservations/page.tsx(13,36): error TS2307: Cannot find module '@/components/ReservationToolbar' or its corresponding type declarations.
src/app/(marketing)/reservations/page.tsx(14,31): error TS2307: Cannot find module '@/components/FloorPlanView' or its corresponding type declarations.
src/app/(marketing)/reservations/page.tsx(15,34): error TS2307: Cannot find module '@/components/CustomerListView' or its corresponding type declarations.
src/app/(marketing)/reservations/page.tsx(16,37): error TS2307: Cannot find module '@/components/CustomerDetailPanel' or its corresponding type declarations.
src/app/(marketing)/reservations/page.tsx(17,42): error TS2307: Cannot find module '@/components/ReservationCalendarPopup' or its corresponding type declarations.
src/app/(marketing)/reservations/page.tsx(41,13): error TS2339: Property 'reservations' does not exist on type '{ data: Reservation[]; stats: { total: number; todayCount: number; todayCovers: number; pending: number; seated: number; noShow: number; cancelled: number; }; isLoading: boolean; isSyncing: boolean; ... 4 more ...; cancelReservation: (id: string, reason?: string | undefined) => void | Promise<...>; }'.
src/app/(marketing)/reservations/page.tsx(41,27): error TS2339: Property 'getReservationsForDate' does not exist on type '{ data: Reservation[]; stats: { total: number; todayCount: number; todayCovers: number; pending: number; seated: number; noShow: number; cancelled: number; }; isLoading: boolean; isSyncing: boolean; ... 4 more ...; cancelReservation: (id: string, reason?: string | undefined) => void | Promise<...>; }'.
src/app/(marketing)/reservations/page.tsx(41,51): error TS2339: Property 'customers' does not exist on type '{ data: Reservation[]; stats: { total: number; todayCount: number; todayCovers: number; pending: number; seated: number; noShow: number; cancelled: number; }; isLoading: boolean; isSyncing: boolean; ... 4 more ...; cancelReservation: (id: string, reason?: string | undefined) => void | Promise<...>; }'.
src/app/(marketing)/reservations/page.tsx(41,62): error TS2339: Property 'addCustomer' does not exist on type '{ data: Reservation[]; stats: { total: number; todayCount: number; todayCovers: number; pending: number; seated: number; noShow: number; cancelled: number; }; isLoading: boolean; isSyncing: boolean; ... 4 more ...; cancelReservation: (id: string, reason?: string | undefined) => void | Promise<...>; }'.
src/app/(marketing)/reservations/page.tsx(41,75): error TS2339: Property 'getCustomerHistory' does not exist on type '{ data: Reservation[]; stats: { total: number; todayCount: number; todayCovers: number; pending: number; seated: number; noShow: number; cancelled: number; }; isLoading: boolean; isSyncing: boolean; ... 4 more ...; cancelReservation: (id: string, reason?: string | undefined) => void | Promise<...>; }'.
src/app/(marketing)/reservations/page.tsx(67,36): error TS7006: Parameter 'r' implicitly has an 'any' type.
src/app/(marketing)/reservations/page.tsx(76,36): error TS7006: Parameter 'r' implicitly has an 'any' type.
src/app/(marketing)/seo/components/GoogleProfileCard.tsx(49,29): error TS2339: Property 'isVerified' does not exist on type 'SEOConfig'.
src/app/(marketing)/seo/components/GoogleProfileCard.tsx(53,30): error TS2339: Property 'isVerified' does not exist on type 'SEOConfig'.
src/app/(marketing)/seo/components/GoogleProfileCard.tsx(61,84): error TS2339: Property 'name' does not exist on type 'SEOConfig'.
src/app/(marketing)/seo/components/GoogleProfileCard.tsx(67,88): error TS2339: Property 'rating' does not exist on type 'SEOConfig'.
src/app/(marketing)/seo/components/GoogleProfileCard.tsx(68,81): error TS2339: Property 'reviewCount' does not exist on type 'SEOConfig'.
src/app/(marketing)/seo/components/GoogleProfileCard.tsx(74,43): error TS2339: Property 'lastSync' does not exist on type 'SEOConfig'.
src/app/(marketing)/seo/components/tabs/AnalyticsTab.tsx(12,32): error TS2339: Property 'analytics' does not exist on type 'SEOConfig'.
src/app/(marketing)/seo/components/tabs/OverviewTab.tsx(20,32): error TS2339: Property 'analytics' does not exist on type 'SEOConfig'.
src/app/(marketing)/seo/page.tsx(19,29): error TS2307: Cannot find module '@/components/tabs/OverviewTab' or its corresponding type declarations.
src/app/(marketing)/seo/page.tsx(20,26): error TS2307: Cannot find module '@/components/tabs/PagesTab' or its corresponding type declarations.
src/app/(marketing)/seo/page.tsx(21,30): error TS2307: Cannot find module '@/components/tabs/AnalyticsTab' or its corresponding type declarations.
src/app/(marketing)/seo/page.tsx(22,29): error TS2307: Cannot find module '@/components/tabs/SettingsTab' or its corresponding type declarations.
src/app/(marketing)/social-marketing/page.tsx(56,30): error TS18046: 'acc.platform' is of type 'unknown'.
src/app/(marketing)/social-marketing/page.tsx(57,32): error TS18046: 'acc.platform' is of type 'unknown'.
src/app/(marketing)/social-marketing/page.tsx(58,38): error TS18046: 'acc.platform' is of type 'unknown'.
src/app/(marketing)/social-marketing/page.tsx(63,37): error TS2339: Property 'scheduledPosts' does not exist on type 'SEOConfig'.
src/app/(marketing)/social-marketing/page.tsx(66,34): error TS2339: Property 'crmSegments' does not exist on type 'SEOConfig'.
src/app/(marketing)/social-marketing/page.tsx(110,93): error TS2339: Property 'id' does not exist on type '{ icon: any; color: string; gradient: string; }'.
src/app/(marketing)/social-marketing/page.tsx(110,97): error TS2740: Type '{ icon: any; color: string; gradient: string; }' is missing the following properties from type '{ id: string; platform: string; handle: string; followers: number; icon: LucideIcon; gradient: string; posts: number; engagement: number; trend: string; }': id, platform, handle, followers, and 3 more.
src/app/(marketing)/social-marketing/page.tsx(138,85): error TS2339: Property 'analytics' does not exist on type 'SEOConfig'.
src/app/(marketing)/social-marketing/page.tsx(139,81): error TS2339: Property 'analytics' does not exist on type 'SEOConfig'.
src/app/(marketing)/social-marketing/page.tsx(140,80): error TS2339: Property 'analytics' does not exist on type 'SEOConfig'.
src/app/(ops)/bar/page.tsx(8,26): error TS2307: Cannot find module '@/lib/mock-data' or its corresponding type declarations.
src/app/(ops)/kds/page.tsx(8,10): error TS2305: Module '"@/engines/ops/NexusOpsProvider"' has no exported member 'useRecipes'.
src/app/(ops)/kds/page.tsx(11,27): error TS2307: Cannot find module '@/components/KDSHeader' or its corresponding type declarations.
src/app/(ops)/kds/page.tsx(12,27): error TS2307: Cannot find module '@/components/KDSTicket' or its corresponding type declarations.
src/app/(ops)/kds/page.tsx(13,31): error TS2307: Cannot find module '@/components/KDSEmptyState' or its corresponding type declarations.
src/app/(ops)/kds/page.tsx(24,21): error TS2339: Property 'updateOrderStatus' does not exist on type '{ orders: Order[]; isLoading: boolean; error: string | null; getPendingModifications: () => OrderItemModification[]; }'.
src/app/(ops)/kitchen/page.tsx(47,13): error TS2339: Property 'openDocumentation' does not exist on type 'NexusUIState'.
src/app/(ops)/kitchen/page.tsx(63,13): error TS2339: Property 'data' does not exist on type '{ stockItems: StockItem[]; ingredients: Ingredient[]; preparations: Preparation[]; supplierOrders: SupplierOrder[]; storageLocations: StorageLocation[]; ... 9 more ...; addStockItem: (data: any) => void | Promise<...>; }'.
src/app/(ops)/kitchen/page.tsx(218,25): error TS2322: Type '(id: string) => void | Promise<void>' is not assignable to type '(id: string) => Promise<void>'.
  Type 'void | Promise<void>' is not assignable to type 'Promise<void>'.
    Type 'void' is not assignable to type 'Promise<void>'.
src/app/(ops)/operations/page.tsx(26,10): error TS2305: Module '"@/context/AuthContext"' has no exported member 'useTenant'.
src/app/(ops)/operations/page.tsx(27,35): error TS2307: Cannot find module '@/app/actions/operations' or its corresponding type declarations.
src/app/(ops)/operations/page.tsx(28,23): error TS2307: Cannot find module 'sonner' or its corresponding type declarations.
src/app/(ops)/operations/page.tsx(181,45): error TS7006: Parameter 'area' implicitly has an 'any' type.
src/app/(ops)/operations/page.tsx(181,51): error TS7006: Parameter 'idx' implicitly has an 'any' type.
src/app/(ops)/pos/page.tsx(39,13): error TS2339: Property 'expert' does not exist on type '{ orders: Order[]; isLoading: boolean; error: string | null; getPendingModifications: () => OrderItemModification[]; }'.
src/app/(ops)/pos/page.tsx(39,21): error TS2339: Property 'totalRevenue' does not exist on type '{ orders: Order[]; isLoading: boolean; error: string | null; getPendingModifications: () => OrderItemModification[]; }'.
src/app/(ops)/pos/page.tsx(249,17): error TS2322: Type '{ isOpen: boolean; items: CartItem[]; total: number; guestCount: any; onClose: () => void; onPaySplit: (amountInCents: number, guestIndex: number) => void; }' is not assignable to type 'IntrinsicAttributes & SplitBillDialogProps'.
  Property 'guestCount' does not exist on type 'IntrinsicAttributes & SplitBillDialogProps'.
src/app/(ops)/registre/page.tsx(181,59): error TS7006: Parameter 'p' implicitly has an 'any' type.
src/app/(public)/auth/logout/page.tsx(29,17): error TS2353: Object literal may only specify known properties, and 'allowedFeatures' does not exist in type 'MasterConfig'.
src/app/(public)/groups/page.tsx(6,5): error TS2300: Duplicate identifier 'Users'.
src/app/(public)/groups/page.tsx(14,31): error TS2307: Cannot find module '@/components/GroupStatCard' or its corresponding type declarations.
src/app/(public)/groups/page.tsx(15,27): error TS2307: Cannot find module '@/components/EventCard' or its corresponding type declarations.
src/app/(public)/groups/page.tsx(16,30): error TS2307: Cannot find module '@/components/GroupFilters' or its corresponding type declarations.
src/app/(public)/groups/page.tsx(20,10): error TS2300: Duplicate identifier 'Users'.
src/app/(public)/groups/page.tsx(30,60): error TS2367: This comparison appears to be unintentional because the types '"confirmed" | "completed" | "cancelled" | "active" | "enquiry"' and '"Confirmed"' have no overlap.
src/app/(public)/groups/page.tsx(31,94): error TS2339: Property 'budget' does not exist on type 'GroupEvent'.
src/app/(public)/groups/page.tsx(37,42): error TS2339: Property 'name' does not exist on type 'GroupEvent'.
src/app/(public)/groups/page.tsx(38,23): error TS2339: Property 'contact' does not exist on type 'GroupEvent'.
src/app/(public)/groups/page.tsx(39,66): error TS2339: Property 'type' does not exist on type 'GroupEvent'.
src/app/(public)/landing/page.tsx(3,31): error TS2307: Cannot find module '@/components/LandingNavbar' or its corresponding type declarations.
src/app/(public)/landing/page.tsx(4,29): error TS2307: Cannot find module '@/components/HeroSection' or its corresponding type declarations.
src/app/(public)/landing/page.tsx(5,33): error TS2307: Cannot find module '@/components/FeaturesSection' or its corresponding type declarations.
src/app/(public)/landing/page.tsx(6,32): error TS2307: Cannot find module '@/components/PricingSection' or its corresponding type declarations.
src/app/(public)/landing/page.tsx(7,37): error TS2307: Cannot find module '@/components/TestimonialsSection' or its corresponding type declarations.
src/app/(public)/landing/page.tsx(8,28): error TS2307: Cannot find module '@/components/CTASection' or its corresponding type declarations.
src/app/(public)/landing/page.tsx(9,31): error TS2307: Cannot find module '@/components/LandingFooter' or its corresponding type declarations.
src/app/(public)/page.tsx(38,10): error TS2305: Module '"@/lib/motion"' has no exported member 'kpiContainerVariants'.
src/app/(public)/page.tsx(38,32): error TS2305: Module '"@/lib/motion"' has no exported member 'kpiCardVariants'.
src/app/(public)/page.tsx(124,19): error TS2339: Property 'totalRevenue' does not exist on type '{ orders: Order[]; isLoading: boolean; error: string | null; getPendingModifications: () => OrderItemModification[]; }'.
src/app/(public)/page.tsx(367,21): error TS2304: Cannot find name 'occupancyRate'.
src/app/(public)/page.tsx(368,18): error TS2304: Cannot find name 'occupancyRate'.
src/app/(public)/page.tsx(369,26): error TS2304: Cannot find name 'occupiedTables'.
src/app/(public)/simulator/page.tsx(177,48): error TS7006: Parameter 'scenario' implicitly has an 'any' type.
src/app/layout.tsx(52,29): error TS2307: Cannot find module '@/components/layout/ThemeEngine' or its corresponding type declarations.
src/components/accounting/ExpenseClaimDialog.tsx(27,13): error TS2339: Property 'theme' does not exist on type 'NexusUIState'.
src/components/accounting/FiscalAuditView.tsx(36,11): error TS2339: Property 'transactionId' does not exist on type 'JournalEntry'.
src/components/accounting/FiscalAuditView.tsx(37,11): error TS2339: Property 'hash' does not exist on type 'JournalEntry'.
src/components/accounting/FiscalAuditView.tsx(103,48): error TS2339: Property 'transactionId' does not exist on type 'JournalEntry'.
src/components/accounting/FiscalAuditView.tsx(107,56): error TS2339: Property 'timestamp' does not exist on type 'JournalEntry'.
src/components/accounting/FiscalAuditView.tsx(112,43): error TS2339: Property 'hash' does not exist on type 'JournalEntry'.
src/components/accounting/FiscalAuditView.tsx(116,43): error TS2339: Property 'previousHash' does not exist on type 'JournalEntry'.
src/components/accounting/FiscalAuditView.tsx(121,43): error TS2339: Property 'signature' does not exist on type 'JournalEntry'.
src/components/accounting/FiscalAuditView.tsx(123,39): error TS2339: Property 'hash' does not exist on type 'JournalEntry'.
src/components/accounting/PlaceholderView.tsx(16,13): error TS2339: Property 'openDocumentation' does not exist on type 'NexusUIState'.
src/components/accounting/reconciliation/AggregationWidget.tsx(9,31): error TS2307: Cannot find module '@/context/AccountingContext' or its corresponding type declarations.
src/components/accounting/reconciliation/ReconciliationHub.tsx(19,31): error TS2307: Cannot find module '@/context/AccountingContext' or its corresponding type declarations.
src/components/accounting/reconciliation/ReconciliationHub.tsx(42,50): error TS7006: Parameter 'c' implicitly has an 'any' type.
src/components/accounting/reconciliation/ReconciliationHub.tsx(262,75): error TS7006: Parameter 'e' implicitly has an 'any' type.
src/components/accounting/reconciliation/ReconciliationHub.tsx(304,85): error TS7006: Parameter 'c' implicitly has an 'any' type.
src/components/accounting/reconciliation/ReconciliationHub.tsx(306,98): error TS7006: Parameter 'c' implicitly has an 'any' type.
src/components/accounting/views/BalanceSheetView.tsx(8,31): error TS2307: Cannot find module '@/context/AccountingContext' or its corresponding type declarations.
src/components/accounting/views/BalanceSheetView.tsx(26,37): error TS7006: Parameter 'a' implicitly has an 'any' type.
src/components/accounting/views/BalanceSheetView.tsx(26,40): error TS7006: Parameter 'i' implicitly has an 'any' type.
src/components/accounting/views/BalanceSheetView.tsx(33,42): error TS7006: Parameter 'l' implicitly has an 'any' type.
src/components/accounting/views/BalanceSheetView.tsx(33,45): error TS7006: Parameter 'i' implicitly has an 'any' type.
src/components/accounting/views/GeneralLedgerView.tsx(8,31): error TS2307: Cannot find module '@/context/AccountingContext' or its corresponding type declarations.
src/components/accounting/views/GeneralLedgerView.tsx(14,49): error TS7006: Parameter 'a' implicitly has an 'any' type.
src/components/accounting/views/GeneralLedgerView.tsx(15,41): error TS7006: Parameter 'a' implicitly has an 'any' type.
src/components/accounting/views/GeneralLedgerView.tsx(26,48): error TS7006: Parameter 'account' implicitly has an 'any' type.
src/components/accounting/views/GeneralLedgerView.tsx(78,69): error TS7006: Parameter 'mv' implicitly has an 'any' type.
src/components/accounting/views/GeneralLedgerView.tsx(78,73): error TS7006: Parameter 'i' implicitly has an 'any' type.
src/components/accounting/views/JournalEntriesView.tsx(9,31): error TS2307: Cannot find module '@/context/AccountingContext' or its corresponding type declarations.
src/components/accounting/views/JournalEntriesView.tsx(16,64): error TS7006: Parameter 'e' implicitly has an 'any' type.
src/components/accounting/views/JournalEntriesView.tsx(17,66): error TS7006: Parameter 'e' implicitly has an 'any' type.
src/components/accounting/views/JournalEntriesView.tsx(42,62): error TS7006: Parameter 'acc' implicitly has an 'any' type.
src/components/accounting/views/JournalEntriesView.tsx(42,67): error TS7006: Parameter 'e' implicitly has an 'any' type.
src/components/accounting/views/JournalEntriesView.tsx(42,94): error TS7006: Parameter 'l' implicitly has an 'any' type.
src/components/accounting/views/JournalEntriesView.tsx(42,127): error TS7006: Parameter 'a' implicitly has an 'any' type.
src/components/accounting/views/JournalEntriesView.tsx(42,130): error TS7006: Parameter 'l' implicitly has an 'any' type.
src/components/accounting/views/JournalEntriesView.tsx(48,62): error TS7006: Parameter 'acc' implicitly has an 'any' type.
src/components/accounting/views/JournalEntriesView.tsx(48,67): error TS7006: Parameter 'e' implicitly has an 'any' type.
src/components/accounting/views/JournalEntriesView.tsx(48,94): error TS7006: Parameter 'l' implicitly has an 'any' type.
src/components/accounting/views/JournalEntriesView.tsx(48,128): error TS7006: Parameter 'a' implicitly has an 'any' type.
src/components/accounting/views/JournalEntriesView.tsx(48,131): error TS7006: Parameter 'l' implicitly has an 'any' type.
src/components/accounting/views/JournalEntriesView.tsx(71,42): error TS7006: Parameter 'entry' implicitly has an 'any' type.
src/components/accounting/views/JournalEntriesView.tsx(77,138): error TS7006: Parameter 'l' implicitly has an 'any' type.
src/components/accounting/views/JournalEntriesView.tsx(77,171): error TS7006: Parameter 'a' implicitly has an 'any' type.
src/components/accounting/views/JournalEntriesView.tsx(77,174): error TS7006: Parameter 'l' implicitly has an 'any' type.
src/components/accounting/views/ProfitLossView.tsx(7,31): error TS2307: Cannot find module '@/context/AccountingContext' or its corresponding type declarations.
src/components/accounting/views/ProfitLossView.tsx(33,44): error TS7006: Parameter 'r' implicitly has an 'any' type.
src/components/accounting/views/ProfitLossView.tsx(33,47): error TS7006: Parameter 'i' implicitly has an 'any' type.
src/components/accounting/views/ProfitLossView.tsx(48,44): error TS7006: Parameter 'e' implicitly has an 'any' type.
src/components/accounting/views/ProfitLossView.tsx(48,47): error TS7006: Parameter 'i' implicitly has an 'any' type.
src/components/accounting/views/SimpleDashboardView.tsx(18,31): error TS2307: Cannot find module '@/context/AccountingContext' or its corresponding type declarations.
src/components/accounting/views/SimpleDashboardView.tsx(125,66): error TS7006: Parameter 's' implicitly has an 'any' type.
src/components/accounting/views/SimpleDashboardView.tsx(125,69): error TS7006: Parameter 't' implicitly has an 'any' type.
src/components/accounting/views/SimpleDashboardView.tsx(172,52): error TS7006: Parameter 'exp' implicitly has an 'any' type.
src/components/accounting/views/SimpleDashboardView.tsx(172,57): error TS7006: Parameter 'idx' implicitly has an 'any' type.
src/components/admin/mcc/FiscalChainExplorer.tsx(25,28): error TS7006: Parameter 's' implicitly has an 'any' type.
src/components/admin/mcc/FiscalChainExplorer.tsx(29,14): error TS7006: Parameter 'a' implicitly has an 'any' type.
src/components/admin/mcc/FiscalChainExplorer.tsx(29,17): error TS7006: Parameter 'b' implicitly has an 'any' type.
src/components/admin/mcc/FiscalChainExplorer.tsx(30,13): error TS7006: Parameter 'seal' implicitly has an 'any' type.
src/components/admin/mcc/FiscalChainExplorer.tsx(70,24): error TS7006: Parameter 'node' implicitly has an 'any' type.
src/components/admin/mcc/FiscalChainExplorer.tsx(70,30): error TS7006: Parameter 'i' implicitly has an 'any' type.
src/components/admin/mcc/MCCInsights.tsx(9,28): error TS2339: Property 'triggerRebalancing' does not exist on type 'NexusFleetState'.
src/components/admin/mcc/StrategyOracle.tsx(97,40): error TS7006: Parameter 'insight' implicitly has an 'any' type.
src/components/admin/mcc/StrategyOracle.tsx(139,50): error TS2339: Property 'content' does not exist on type 'Message'.
src/components/admin/settings/SingularitySettings.tsx(74,21): error TS2322: Type '{ children: (string | Element)[]; onClick: () => Promise<void>; loading: boolean; className: string; }' is not assignable to type 'IntrinsicAttributes & ButtonProps & RefAttributes<HTMLButtonElement>'.
  Property 'loading' does not exist on type 'IntrinsicAttributes & ButtonProps & RefAttributes<HTMLButtonElement>'.
src/components/admin/simulator/SimulatorConsole.tsx(11,29): error TS2305: Module '"@/domain/services/SimulationService"' has no exported member 'NexusStaffingOracle'.
src/components/admin/simulator/SimulatorConsole.tsx(31,36): error TS2304: Cannot find name 'Nexus'.
src/components/admin/simulator/SimulatorConsole.tsx(31,54): error TS2304: Cannot find name 'Nexus'.
src/components/admin/simulator/SimulatorConsole.tsx(41,32): error TS2304: Cannot find name 'Nexus'.
src/components/admin/simulator/SimulatorConsole.tsx(41,50): error TS2304: Cannot find name 'Nexus'.
src/components/admin/simulator/SimulatorConsole.tsx(46,19): error TS2304: Cannot find name 'Nexus'.
src/components/admin/simulator/SimulatorConsole.tsx(46,37): error TS2304: Cannot find name 'Nexus'.
src/components/admin/simulator/SimulatorConsole.tsx(62,32): error TS2304: Cannot find name 'Nexus'.
src/components/admin/simulator/SimulatorConsole.tsx(62,50): error TS2304: Cannot find name 'Nexus'.
src/components/admin/simulator/SimulatorConsole.tsx(63,19): error TS2304: Cannot find name 'Nexus'.
src/components/admin/simulator/SimulatorConsole.tsx(63,37): error TS2304: Cannot find name 'Nexus'.
src/components/admin/simulator/SimulatorConsole.tsx(355,57): error TS2304: Cannot find name 'cn'.
src/components/admin/simulator/SimulatorConsole.tsx(361,78): error TS2304: Cannot find name 'cn'.
src/components/admin/simulator/SimulatorConsole.tsx(365,62): error TS2304: Cannot find name 'cn'.
src/components/analytics/MindMap.tsx(19,10): error TS2305: Module '"@/domain/services/StockEngine"' has no exported member 'calculateLowStock'.
src/components/auth/AuthGate.tsx(26,30): error TS2339: Property 'require2FAChallenge' does not exist on type 'NexusAuthState'.
src/components/auth/AuthGate.tsx(27,33): error TS2339: Property 'isMobileMenuOpen' does not exist on type 'NexusUIState'.
src/components/auth/AuthGate.tsx(27,51): error TS2339: Property 'closeMobileMenu' does not exist on type 'NexusUIState'.
src/components/auth/AuthGate.tsx(33,45): error TS2339: Property 'security' does not exist on type 'TenantConfig'.
src/components/auth/PinLogin.tsx(12,13): error TS2339: Property 'toggleTheme' does not exist on type 'NexusUIState'.
src/components/auth/SaaSBillingGate.tsx(23,45): error TS2339: Property 'billingStatus' does not exist on type 'TenantConfig'.
src/components/auth/SaaSBillingGate.tsx(46,117): error TS2339: Property 'name' does not exist on type 'TenantConfig'.
src/components/auth/TwoFactorChallenge.tsx(23,26): error TS2339: Property 'verifyTwoFactor' does not exist on type 'NexusAuthState'.
src/components/crm/CRMContactForm.tsx(94,14): error TS2304: Cannot find name 'motion'.
src/components/crm/CRMContactForm.tsx(103,15): error TS2304: Cannot find name 'motion'.
src/components/crm/CRMDetailView.tsx(110,25): error TS2322: Type '{ children: string[]; initial: { opacity: number; y: number; }; animate: { opacity: number; y: number; }; delay: number; className: string; }' is not assignable to type 'IntrinsicAttributes & Omit<HTMLMotionProps<"h3">, "ref"> & RefAttributes<HTMLHeadingElement>'.
  Property 'delay' does not exist on type 'IntrinsicAttributes & Omit<HTMLMotionProps<"h3">, "ref"> & RefAttributes<HTMLHeadingElement>'.
src/components/dashboard/EndOfDayWizard.tsx(43,62): error TS18048: 'zReport._fiscalSeal' is possibly 'undefined'.
src/components/dev/PerformanceMonitor.tsx(5,10): error TS2305: Module '"@/store/posAtoms"' has no exported member 'posCartCountSelector'.
src/components/floor-plan/TableInsightPanel.tsx(32,13): error TS2339: Property 'data' does not exist on type '{ orders: Order[]; isLoading: boolean; error: string | null; getPendingModifications: () => OrderItemModification[]; }'.
src/components/floor-plan/TableInsightPanel.tsx(222,61): error TS7006: Parameter 'item' implicitly has an 'any' type.
src/components/floor-plan/TableInsightPanel.tsx(222,67): error TS7006: Parameter 'i' implicitly has an 'any' type.
src/components/haccp/GestionAnomalies.tsx(30,19): error TS2554: Expected 2 arguments, but got 1.
src/components/haccp/HACCPVisionScanner.tsx(18,13): error TS2339: Property 'validateTaskWithVision' does not exist on type '{ labels: any[]; criticalAlerts: any[]; getComplianceScore: () => number; checklists: any[]; sensors: any[]; temperatureHistory: any[]; }'.
src/components/haccp/ReceptionMarchandises.tsx(33,13): error TS2339: Property 'tenantId' does not exist on type 'NexusTenantState'.
src/components/haccp/ReceptionMarchandises.tsx(52,31): error TS2322: Type '"critical"' is not assignable to type '"info" | "error" | "warning" | "success"'.
src/components/haccp/ReceptionMarchandises.tsx(81,31): error TS2322: Type '"critical"' is not assignable to type '"info" | "error" | "warning" | "success"'.
src/components/haccp/ReleveTemperatures.tsx(60,35): error TS2322: Type '"critical"' is not assignable to type '"info" | "error" | "warning" | "success"'.
src/components/haccp/TracabiliteEtiquettes.tsx(30,13): error TS2339: Property 'tenantId' does not exist on type 'NexusTenantState'.
src/components/haccp/TracabiliteEtiquettes.tsx(49,31): error TS2322: Type '"critical"' is not assignable to type '"info" | "error" | "warning" | "success"'.
src/components/haccp/TracabiliteEtiquettes.tsx(76,31): error TS2322: Type '"critical"' is not assignable to type '"info" | "error" | "warning" | "success"'.
src/components/haccp/WasteManagementHACCP.tsx(23,13): error TS2339: Property 'logWaste' does not exist on type '{ labels: any[]; criticalAlerts: any[]; getComplianceScore: () => number; checklists: any[]; sensors: any[]; temperatureHistory: any[]; }'.
src/components/inventory/CreatePreparationModal.tsx(47,25): error TS2339: Property 'addPreparation' does not exist on type '{ stockItems: StockItem[]; ingredients: Ingredient[]; preparations: Preparation[]; supplierOrders: SupplierOrder[]; storageLocations: StorageLocation[]; ... 9 more ...; addStockItem: (data: any) => void | Promise<...>; }'.
src/components/inventory/CreatePreparationModal.tsx(47,59): error TS2339: Property 'consumeStock' does not exist on type '{ stockItems: StockItem[]; ingredients: Ingredient[]; preparations: Preparation[]; supplierOrders: SupplierOrder[]; storageLocations: StorageLocation[]; ... 9 more ...; addStockItem: (data: any) => void | Promise<...>; }'.
src/components/inventory/StockReceptionModal.tsx(7,36): error TS2307: Cannot find module '@/app/actions/inventory' or its corresponding type declarations.
src/components/inventory/StockTransferModal.tsx(5,5): error TS2305: Module '"@/store/inventoryAtoms"' has no exported member 'stockTransferSelectedItemAtom'.
src/components/inventory/StockTransferModal.tsx(6,5): error TS2305: Module '"@/store/inventoryAtoms"' has no exported member 'stockTransferTargetLocationAtom'.
src/components/inventory/StockTransferModal.tsx(7,5): error TS2305: Module '"@/store/inventoryAtoms"' has no exported member 'stockTransferIsSubmittingAtom'.
src/components/inventory/StockTransferModal.tsx(8,5): error TS2305: Module '"@/store/inventoryAtoms"' has no exported member 'stockTransferSuccessAtom'.
src/components/kds/ModificationAlerts.tsx(18,13): error TS2339: Property 'respondToModification' does not exist on type '{ orders: Order[]; isLoading: boolean; error: string | null; getPendingModifications: () => OrderItemModification[]; }'.
src/components/kds/ModificationAlerts.tsx(200,13): error TS2339: Property 'data' does not exist on type '{ orders: Order[]; isLoading: boolean; error: string | null; getPendingModifications: () => OrderItemModification[]; }'.
src/components/kitchen/tabs/IngredientsTab.tsx(13,13): error TS2339: Property 'data' does not exist on type '{ stockItems: StockItem[]; ingredients: Ingredient[]; preparations: Preparation[]; supplierOrders: SupplierOrder[]; storageLocations: StorageLocation[]; ... 9 more ...; addStockItem: (data: any) => void | Promise<...>; }'.
src/components/kitchen/tabs/IngredientsTab.tsx(45,33): error TS2322: Type 'unknown' is not assignable to type 'Key | null | undefined'.
src/components/kitchen/tabs/IngredientsTab.tsx(46,68): error TS2345: Argument of type 'unknown' is not assignable to parameter of type 'SetStateAction<string>'.
src/components/kitchen/tabs/IngredientsTab.tsx(54,33): error TS2322: Type 'unknown' is not assignable to type 'ReactNode'.
src/components/kitchen/tabs/IngredientsTab.tsx(72,43): error TS7006: Parameter 'ing' implicitly has an 'any' type.
src/components/layout/AppLaunchpad.tsx(26,13): error TS2339: Property 'theme' does not exist on type 'NexusUIState'.
src/components/layout/AppLaunchpad.tsx(26,20): error TS2339: Property 'setIsMap3DOpen' does not exist on type 'NexusUIState'.
src/components/layout/GlobalFAB.tsx(9,13): error TS2339: Property 'openCommandPalette' does not exist on type 'NexusUIState'.
src/components/layout/Header.tsx(26,13): error TS2339: Property 'unreadCount' does not exist on type 'NexusNotifState'.
src/components/layout/Header.tsx(27,13): error TS2339: Property 'theme' does not exist on type 'NexusUIState'.
src/components/layout/Header.tsx(27,20): error TS2339: Property 'toggleTheme' does not exist on type 'NexusUIState'.
src/components/layout/Header.tsx(27,33): error TS2339: Property 'toggleMobileMenu' does not exist on type 'NexusUIState'.
src/components/layout/Header.tsx(27,51): error TS2339: Property 'openDocumentation' does not exist on type 'NexusUIState'.
src/components/layout/Header.tsx(27,70): error TS2339: Property 'isCommandOpen' does not exist on type 'NexusUIState'.
src/components/layout/Header.tsx(27,85): error TS2339: Property 'openCommandPalette' does not exist on type 'NexusUIState'.
src/components/layout/Header.tsx(27,105): error TS2339: Property 'closeCommandPalette' does not exist on type 'NexusUIState'.
src/components/layout/Header.tsx(73,16): error TS2339: Property 'language' does not exist on type 'NexusLangState'.
src/components/layout/LaunchpadStatusHub.tsx(25,13): error TS2339: Property 'toggleTheme' does not exist on type 'NexusUIState'.
src/components/layout/LaunchpadStatusHub.tsx(27,13): error TS2339: Property 'unreadCount' does not exist on type 'NexusNotifState'.
src/components/layout/LaunchpadStatusHub.tsx(28,13): error TS2339: Property 'language' does not exist on type 'NexusLangState'.
src/components/layout/LayoutResolver.tsx(34,14): error TS2678: Type '"topbar"' is not comparable to type '"admin" | "default" | "kiosk" | "hud" | "sidebar"'.
src/components/layout/Map3DOverlay.tsx(10,13): error TS2339: Property 'isMap3DOpen' does not exist on type 'NexusUIState'.
src/components/layout/Map3DOverlay.tsx(10,26): error TS2339: Property 'setIsMap3DOpen' does not exist on type 'NexusUIState'.
src/components/layout/MobileNavBar.tsx(52,13): error TS2339: Property 'toggleTheme' does not exist on type 'NexusUIState'.
src/components/layout/MobileNavBar.tsx(52,26): error TS2339: Property 'openCommandPalette' does not exist on type 'NexusUIState'.
src/components/layout/MobileNavBar.tsx(53,13): error TS2339: Property 'unreadCount' does not exist on type 'NexusNotifState'.
src/components/layout/ProfileSwitcher.tsx(16,20): error TS2339: Property 'switchProfile' does not exist on type 'NexusAuthState'.
src/components/layout/ProfileSwitcher.tsx(16,48): error TS2339: Property 'canSwitchProfiles' does not exist on type 'NexusAuthState'.
src/components/layout/Sidebar.tsx(44,45): error TS2339: Property 'canSwitchProfiles' does not exist on type 'NexusAuthState'.
src/components/layout/Sidebar.tsx(46,44): error TS2339: Property 'setSidebarCollapsed' does not exist on type 'NexusUIState'.
src/components/layout/Sidebar.tsx(47,9): error TS2339: Property 'isMobileMenuOpen' does not exist on type 'NexusUIState'.
src/components/layout/Sidebar.tsx(47,27): error TS2339: Property 'closeMobileMenu' does not exist on type 'NexusUIState'.
src/components/layout/Sidebar.tsx(47,44): error TS2339: Property 'settings' does not exist on type 'NexusUIState'.
src/components/layout/Sidebar.tsx(48,26): error TS2339: Property 'setIsLaunchpadOpen' does not exist on type 'NexusUIState'.
src/components/layout/Sidebar.tsx(48,46): error TS2339: Property 'setIsMap3DOpen' does not exist on type 'NexusUIState'.
src/components/layout/Sidebar.tsx(61,40): error TS2339: Property 'features' does not exist on type 'TenantConfig'.
src/components/layout/Sidebar.tsx(106,56): error TS2339: Property 'features' does not exist on type 'TenantConfig'.
src/components/layout/sidebar/SidebarNavigation.tsx(8,10): error TS2305: Module '"@/lib/motion"' has no exported member 'accordionContent'.
src/components/layout/SovereignLock.tsx(14,13): error TS2339: Property 'tenantConfig' does not exist on type 'NexusCoreState'.
src/components/layout/SovereignLockout.tsx(17,54): error TS2367: This comparison appears to be unintentional because the types '"locked" | "active" | "trial"' and '"expired"' have no overlap.
src/components/layout/SovereignLockout.tsx(22,9): error TS2367: This comparison appears to be unintentional because the types '"locked" | "active" | "trial"' and '"expired"' have no overlap.
src/components/layout/TrainingOverlay.tsx(11,13): error TS2339: Property 'isTrainingMode' does not exist on type 'NexusFleetState'.
src/components/layout/TrainingOverlay.tsx(11,29): error TS2339: Property 'toggleTrainingMode' does not exist on type 'NexusFleetState'.
src/components/layout/VoiceAssistantOverlay.tsx(196,122): error TS2322: Type 'RefObject<HTMLDivElement | null>' is not assignable to type 'RefObject<HTMLDivElement>'.
  Type 'HTMLDivElement | null' is not assignable to type 'HTMLDivElement'.
    Type 'null' is not assignable to type 'HTMLDivElement'.
src/components/modals/ProductFormModal.tsx(38,13): error TS2339: Property 'data' does not exist on type '{ stockItems: StockItem[]; ingredients: Ingredient[]; preparations: Preparation[]; supplierOrders: SupplierOrder[]; storageLocations: StorageLocation[]; ... 9 more ...; addStockItem: (data: any) => void | Promise<...>; }'.
src/components/modals/ProductFormModal.tsx(133,50): error TS7006: Parameter 'i' implicitly has an 'any' type.
src/components/pos/Cart.tsx(46,13): error TS2339: Property 'globalInflationRate' does not exist on type '{ data: SEOConfig | null; isLoading: boolean; error: null; }'.
src/components/pos/ProductGrid.tsx(168,34): error TS2339: Property 'data' does not exist on type '{ stockItems: StockItem[]; ingredients: Ingredient[]; preparations: Preparation[]; supplierOrders: SupplierOrder[]; storageLocations: StorageLocation[]; ... 9 more ...; addStockItem: (data: any) => void | Promise<...>; }'.
src/components/pos/ProductGrid.tsx(190,60): error TS7006: Parameter 's' implicitly has an 'any' type.
src/components/pos/ProductGrid.tsx(192,65): error TS7006: Parameter 's' implicitly has an 'any' type.
src/components/pos/ProductGrid.tsx(197,62): error TS7006: Parameter 'acc' implicitly has an 'any' type.
src/components/pos/ProductGrid.tsx(197,67): error TS7006: Parameter 's' implicitly has an 'any' type.
src/components/quality/ProductControlCard.tsx(5,23): error TS2307: Cannot find module '@/components/ui/badge' or its corresponding type declarations.
src/components/quality/ProductControlList.tsx(58,38): error TS2339: Property 'status' does not exist on type 'QualityControlItem'.
src/components/quality/ProductControlList.tsx(114,46): error TS2339: Property 'status' does not exist on type 'QualityControlItem'.
src/components/quality/ProductControlList.tsx(141,26): error TS2304: Cannot find name 'PackageSearch'.
src/components/quality/QualityDashboardHeader.tsx(5,10): error TS2305: Module '"@/store/qualityAtoms"' has no exported member 'qualityGlobalMetricsSelector'.
src/components/quality/ReceptionWizard.tsx(25,8): error TS2307: Cannot find module 'lucide-center' or its corresponding type declarations.
src/components/quality/VisualInspection.tsx(16,28): error TS2339: Property 'updateControl' does not exist on type '{ controls: QualityControl[]; loading: boolean; activeControl: Partial<QualityControl>; alerts: QualityControl[]; todayStats: { ...; }; ... 9 more ...; setActiveControl: SetAtom<...>; }'.
src/components/quotes/NewQuoteDialog.tsx(26,10): error TS2305: Module '"@/domain/types/empire"' has no exported member 'Product'.
src/components/quotes/NewQuoteDialog.tsx(28,23): error TS2307: Cannot find module 'sonner' or its corresponding type declarations.
src/components/quotes/NewQuoteDialog.tsx(117,13): error TS2339: Property 'data' does not exist on type '{ stockItems: StockItem[]; ingredients: Ingredient[]; preparations: Preparation[]; supplierOrders: SupplierOrder[]; storageLocations: StorageLocation[]; ... 9 more ...; addStockItem: (data: any) => void | Promise<...>; }'.
src/components/quotes/NewQuoteDialog.tsx(129,36): error TS2554: Expected 1 arguments, but got 0.
src/components/quotes/NewQuoteDialog.tsx(158,63): error TS7006: Parameter 'p' implicitly has an 'any' type.
src/components/quotes/NewQuoteDialog.tsx(458,55): error TS7006: Parameter 'product' implicitly has an 'any' type.
src/components/registre/IncendieSection.tsx(58,47): error TS7006: Parameter 'ext' implicitly has an 'any' type.
src/components/registre/IncendieSection.tsx(93,37): error TS7006: Parameter 'ex' implicitly has an 'any' type.
src/components/registre/InterventionLogSection.tsx(66,37): error TS7006: Parameter 'int' implicitly has an 'any' type.
src/components/registre/PMRSection.tsx(12,42): error TS7006: Parameter 'a' implicitly has an 'any' type.
src/components/registre/PMRSection.tsx(13,42): error TS7006: Parameter 'a' implicitly has an 'any' type.
src/components/registre/PMRSection.tsx(14,41): error TS7006: Parameter 'a' implicitly has an 'any' type.
src/components/registre/PMRSection.tsx(68,43): error TS7006: Parameter 'am' implicitly has an 'any' type.
src/components/registre/PrestatairesSection.tsx(49,36): error TS7006: Parameter 'p' implicitly has an 'any' type.
src/components/settings/ExpertGovernanceHub.tsx(71,23): error TS2339: Property 'updateSLM' does not exist on type 'NexusSettingsState'.
src/components/settings/GoalsSettings.tsx(62,23): error TS2339: Property 'updateGoals' does not exist on type 'NexusSettingsState'.
src/components/settings/HoursSettings.tsx(38,9): error TS2339: Property 'updateSchedule' does not exist on type 'NexusSettingsState'.
src/components/settings/HoursSettings.tsx(39,9): error TS2339: Property 'updateService' does not exist on type 'NexusSettingsState'.
src/components/settings/HoursSettings.tsx(40,9): error TS2339: Property 'addClosedPeriod' does not exist on type 'NexusSettingsState'.
src/components/settings/HoursSettings.tsx(41,9): error TS2339: Property 'deleteClosedPeriod' does not exist on type 'NexusSettingsState'.
src/components/settings/IntegrationSettings.tsx(42,23): error TS2339: Property 'updateConfig' does not exist on type 'NexusSettingsState'.
src/components/settings/IntegrationSettings.tsx(42,37): error TS2339: Property 'updateList' does not exist on type 'NexusSettingsState'.
src/components/settings/NexusSettings.tsx(25,23): error TS2339: Property 'updateSLM' does not exist on type 'NexusSettingsState'.
src/components/settings/NexusSettings.tsx(91,30): error TS2739: Type '{}' is missing the following properties from type 'NexusSphereProps': isActive, isProcessing
src/components/settings/panels/StyleTab.tsx(42,48): error TS18046: 'theme.setMode' is of type 'unknown'.
src/components/settings/panels/StyleTab.tsx(64,48): error TS18046: 'theme.setAccentColor' is of type 'unknown'.
src/components/settings/panels/StyleTab.tsx(90,48): error TS18046: 'theme.setDensity' is of type 'unknown'.
src/components/settings/panels/StyleTab.tsx(116,48): error TS18046: 'theme.setBorderRadius' is of type 'unknown'.
src/components/settings/panels/StyleTab.tsx(134,90): error TS2322: Type 'unknown' is not assignable to type 'ReactNode'.
src/components/settings/panels/StyleTab.tsx(140,25): error TS2322: Type 'unknown' is not assignable to type 'string | number | readonly string[] | undefined'.
src/components/settings/panels/StyleTab.tsx(141,42): error TS18046: 'theme.setGlassmorphism' is of type 'unknown'.
src/components/settings/panels/StyleTab.tsx(158,40): error TS18046: 'theme.setAnimations' is of type 'unknown'.
src/components/settings/ProfileSettings.tsx(43,33): error TS2339: Property 'updateUserStatus' does not exist on type 'NexusAuthState'.
src/components/settings/ReservationSettings.tsx(27,23): error TS2339: Property 'updateReservationConfig' does not exist on type 'NexusSettingsState'.
src/components/settings/ReservationSettings.tsx(27,48): error TS2339: Property 'updateReservationSlots' does not exist on type 'NexusSettingsState'.
src/components/settings/ReviewsSettings.tsx(22,45): error TS2307: Cannot find module '@/app/actions/marketing' or its corresponding type declarations.
src/components/settings/ReviewsSettings.tsx(23,23): error TS2307: Cannot find module 'sonner' or its corresponding type declarations.
src/components/settings/StaffSettings.tsx(50,23): error TS2339: Property 'updateConfig' does not exist on type 'NexusSettingsState'.
src/components/settings/StaffSettings.tsx(50,37): error TS2339: Property 'updateList' does not exist on type 'NexusSettingsState'.
src/components/settings/TablesSettings.tsx(25,9): error TS2339: Property 'addZone' does not exist on type '{ tables: Table[]; floors: Floor[]; zones: Zone[]; isZonesLocked: boolean; toggleZonesLock: () => void; currentFloorId: string; setCurrentFloor: (id: string) => void; getTablesForFloor: (floorId: string) => Table[]; ... 9 more ...; error: string | null; }'.
src/components/settings/TablesSettings.tsx(27,9): error TS2339: Property 'deleteZone' does not exist on type '{ tables: Table[]; floors: Floor[]; zones: Zone[]; isZonesLocked: boolean; toggleZonesLock: () => void; currentFloorId: string; setCurrentFloor: (id: string) => void; getTablesForFloor: (floorId: string) => Table[]; ... 9 more ...; error: string | null; }'.
src/components/settings/TablesSettings.tsx(29,9): error TS2339: Property 'updateFloor' does not exist on type '{ tables: Table[]; floors: Floor[]; zones: Zone[]; isZonesLocked: boolean; toggleZonesLock: () => void; currentFloorId: string; setCurrentFloor: (id: string) => void; getTablesForFloor: (floorId: string) => Table[]; ... 9 more ...; error: string | null; }'.
src/components/settings/TablesSettings.tsx(30,9): error TS2339: Property 'deleteFloor' does not exist on type '{ tables: Table[]; floors: Floor[]; zones: Zone[]; isZonesLocked: boolean; toggleZonesLock: () => void; currentFloorId: string; setCurrentFloor: (id: string) => void; getTablesForFloor: (floorId: string) => Table[]; ... 9 more ...; error: string | null; }'.
src/components/settings/ui/StandardSettingsEngine.tsx(12,23): error TS2307: Cannot find module 'sonner' or its corresponding type declarations.
src/components/settings/ui/StandardSettingsEngine.tsx(19,23): error TS2339: Property 'updateConfig' does not exist on type 'NexusSettingsState'.
src/components/staff/BadgeControl.tsx(19,13): error TS2339: Property 'user' does not exist on type 'NexusAuthState'.
src/components/staff/BadgeControl.tsx(126,43): error TS2339: Property 'timestamp' does not exist on type 'Shift'.
src/components/staff/BadgeControl.tsx(131,52): error TS2339: Property 'timestamp' does not exist on type 'Shift'.
src/components/staff/BadgeControl.tsx(131,89): error TS2339: Property 'timestamp' does not exist on type 'Shift'.
src/components/staff/BadgeControl.tsx(137,43): error TS2339: Property 'fiscalSeal' does not exist on type 'Shift'.
src/components/staff/RecruitmentDashboard.tsx(57,29): error TS2345: Argument of type 'Candidate | null' is not assignable to parameter of type 'SetStateAction<User | null>'.
  Type 'Candidate' is not assignable to type 'SetStateAction<User | null>'.
    Type 'Candidate' is missing the following properties from type 'User': name, role
src/components/staff/RecruitmentDashboard.tsx(274,21): error TS2322: Type 'User | null' is not assignable to type 'Candidate | null | undefined'.
  Type 'User' is missing the following properties from type 'Candidate': firstName, lastName, email, phone, and 5 more.
src/components/staff/StaffMemberForm.tsx(29,13): error TS2339: Property 'updateUserStatus' does not exist on type 'NexusAuthState'.
src/components/staff/StaffMemberForm.tsx(29,31): error TS2339: Property 'addUser' does not exist on type 'NexusAuthState'.
src/components/staff/StaffMemberForm.tsx(29,40): error TS2339: Property 'deleteUser' does not exist on type 'NexusAuthState'.
src/components/staff/StaffMemberForm.tsx(29,59): error TS2339: Property 'logAction' does not exist on type 'NexusAuthState'.
src/components/system/AlertSync.tsx(22,55): error TS7006: Parameter 'item' implicitly has an 'any' type.
src/components/system/AlertSync.tsx(33,34): error TS7006: Parameter 'item' implicitly has an 'any' type.
src/components/system/AlertSync.tsx(40,17): error TS2353: Object literal may only specify known properties, and 'module' does not exist in type '{ title: string; message: string; type: "error" | "success" | "info" | "warning"; }'.
src/components/system/AlertSync.tsx(78,17): error TS2322: Type '"critical"' is not assignable to type '"error" | "success" | "info" | "warning"'.
src/components/system/DocumentationPortal.tsx(13,13): error TS2339: Property 'isDocumentationOpen' does not exist on type 'NexusUIState'.
src/components/system/DocumentationPortal.tsx(13,34): error TS2339: Property 'documentationCategory' does not exist on type 'NexusUIState'.
src/components/system/DocumentationPortal.tsx(13,57): error TS2339: Property 'closeDocumentation' does not exist on type 'NexusUIState'.
src/components/system/DocumentationPortal.tsx(89,59): error TS7006: Parameter 'section' implicitly has an 'any' type.
src/components/system/DocumentationPortal.tsx(89,68): error TS7006: Parameter 'sidx' implicitly has an 'any' type.
src/components/system/DocumentationPortal.tsx(104,74): error TS7006: Parameter 'point' implicitly has an 'any' type.
src/components/system/DocumentationPortal.tsx(104,81): error TS7006: Parameter 'pidx' implicitly has an 'any' type.
src/components/system/DocumentationPortal.tsx(116,96): error TS7006: Parameter 'step' implicitly has an 'any' type.
src/components/system/DocumentationPortal.tsx(116,102): error TS7006: Parameter 'stepIdx' implicitly has an 'any' type.
src/components/system/DocumentationPortal.tsx(157,85): error TS7006: Parameter 'step' implicitly has an 'any' type.
src/components/system/DocumentationPortal.tsx(157,91): error TS7006: Parameter 'stepIdx' implicitly has an 'any' type.
src/components/system/DocumentationPortal.tsx(196,55): error TS7006: Parameter 'detail' implicitly has an 'any' type.
src/components/system/DocumentationPortal.tsx(196,63): error TS7006: Parameter 'idx' implicitly has an 'any' type.
src/components/ui/BottomSheet.tsx(7,26): error TS2724: '"@/lib/motion"' has no exported member named 'mobileBackdrop'. Did you mean 'modalBackdrop'?
src/components/ui/BottomSheet.tsx(7,42): error TS2305: Module '"@/lib/motion"' has no exported member 'sheetHandleVariants'.
src/components/ui/CommandModal.tsx(74,13): error TS2339: Property 'theme' does not exist on type 'NexusUIState'.
src/components/ui/Modal.tsx(8,65): error TS2724: '"@/lib/motion"' has no exported member named 'mobileBackdrop'. Did you mean 'modalBackdrop'?
src/components/ui/NotificationPanel.tsx(74,28): error TS2339: Property 'unreadCount' does not exist on type 'NexusNotifState'.
src/components/ui/NotificationPanel.tsx(74,41): error TS2339: Property 'markAsRead' does not exist on type 'NexusNotifState'.
src/components/ui/NotificationPanel.tsx(74,53): error TS2339: Property 'markAllAsRead' does not exist on type 'NexusNotifState'.
src/components/ui/NotificationPanel.tsx(74,68): error TS2339: Property 'removeNotification' does not exist on type 'NexusNotifState'.
src/components/ui/NotificationPanel.tsx(74,88): error TS2339: Property 'clearAll' does not exist on type 'NexusNotifState'.
src/components/ui/NotificationPanel.tsx(161,33): error TS2322: Type 'unknown' is not assignable to type 'Notification[]'.
src/components/ui/PageHeaderWithDocs.tsx(17,13): error TS2339: Property 'openMobileMenu' does not exist on type 'NexusUIState'.
src/components/ui/SecurityPinModal.tsx(28,13): error TS2339: Property 'verifyPin' does not exist on type 'NexusAuthState'.
src/components/ui/SecurityPinModal.tsx(28,24): error TS2339: Property 'logAction' does not exist on type 'NexusAuthState'.
src/config/defaults.ts(10,5): error TS2741: Property 'id' is missing in type '{ name: string; slogan: string; cuisineType: string; category: "gastronomique"; shortDescription: string; logo: string; }' but required in type 'RestaurantIdentity'.
src/config/defaults.ts(18,5): error TS2741: Property 'country' is missing in type '{ address: string; city: string; postalCode: string; phoneMain: string; emailGeneral: string; website: string; }' but required in type 'RestaurantContact'.
src/config/defaults.ts(34,9): error TS2353: Object literal may only specify known properties, and 'paxMin' does not exist in type 'ServiceSettings'.
src/config/defaults.ts(40,9): error TS2353: Object literal may only specify known properties, and 'morning' does not exist in type 'ReservationSlotSettings'.
src/config/defaults.ts(55,5): error TS2740: Type '{ maxHoursPerWeek: number; autoScheduling: true; }' is missing the following properties from type 'StaffConfig': maxOvertimePerWeek, minRestBetweenShiftsHours, nightShiftStart, nightShiftBonusPercent, and 4 more.
src/config/defaults.ts(62,9): error TS2353: Object literal may only specify known properties, and 'startDay' does not exist in type 'PlanningConfig'.
src/config/defaults.ts(66,9): error TS2353: Object literal may only specify known properties, and 'enabled' does not exist in type 'ReservationSettings'.
src/config/defaults.ts(72,9): error TS2353: Object literal may only specify known properties, and 'enabled' does not exist in type 'ReservationSettings'.
src/config/defaults.ts(83,9): error TS2353: Object literal may only specify known properties, and 'isTrainingMode' does not exist in type 'POSSettings'.
src/config/defaults.ts(92,9): error TS2353: Object literal may only specify known properties, and 'isTrainingMode' does not exist in type 'POSSettings'.
src/config/defaults.ts(98,23): error TS2353: Object literal may only specify known properties, and 'label' does not exist in type 'PaymentMethod'.
src/config/defaults.ts(99,23): error TS2353: Object literal may only specify known properties, and 'label' does not exist in type 'PaymentMethod'.
src/config/defaults.ts(102,9): error TS2353: Object literal may only specify known properties, and 'header' does not exist in type 'ReceiptTemplate'.
src/config/defaults.ts(108,9): error TS2353: Object literal may only specify known properties, and 'header' does not exist in type 'ReceiptTemplate'.
src/config/defaults.ts(113,5): error TS2740: Type '{ fiscalYearStart: string; accountingMethod: "accrual"; vatIdNumber: string; }' is missing the following properties from type 'AccountingConfig': defaultPaymentTerms, vatRates, invoicePrefix, invoiceNextNumber, and 9 more.
src/config/defaults.ts(118,5): error TS2740: Type '{ tempCheckFrequencyHours: number; lotTrackingEnabled: true; supplierTrackingEnabled: true; }' is missing the following properties from type 'HACCPConfig': tempAlertDelay, tempCriticalDelay, autoTempRecording, sensorIntegration, and 28 more.
src/config/defaults.ts(123,5): error TS2739: Type '{ enabled: false; minPrepTime: number; }' is missing the following properties from type 'ClickCollectSettings': slotsPerHour, maxOrdersPerSlot
src/config/defaults.ts(129,5): error TS2739: Type '{ globalSound: true; doNotDisturb: false; }' is missing the following properties from type 'NotificationsConfig': dndStartTime, dndEndTime
src/config/defaults.ts(136,9): error TS2353: Object literal may only specify known properties, and 'timeoutMinutes' does not exist in type 'SessionSettings'.
src/config/defaults.ts(138,5): error TS2739: Type '{ require2FA: false; sessionTimeout: number; }' is missing the following properties from type 'SecurityConfig': twoFactorFrequency, allowEmailRescue, allowMultiplePhones, logRetention, allowSupportAccess
src/config/defaults.ts(142,5): error TS2740: Type '{ primaryColor: string; secondaryColor: string; mode: "light"; animationsEnabled: true; }' is missing the following properties from type 'ThemeSettings': backgroundColor, textColor, fontPrimary, fontHeadings, and 2 more.
src/config/defaults.ts(150,9): error TS2561: Object literal may only specify known properties, but 'averageTicket' does not exist in type 'PerformanceGoals'. Did you mean to write 'avgTicket'?
src/config/defaults.ts(154,9): error TS2353: Object literal may only specify known properties, and 'nexusSyncEnabled' does not exist in type 'IntegrationsConfig'.
src/config/defaults.ts(158,9): error TS2353: Object literal may only specify known properties, and 'assistantTone' does not exist in type 'NexusAIConfig'.
src/context/FloorContext.tsx(9,49): error TS2339: Property 'floorOps' does not exist on type 'NexusOpsState'.
src/context/PlanningContext.tsx(3,49): error TS2339: Property 'planning' does not exist on type 'NexusOpsState'.
src/context/RegistreContext.tsx(3,52): error TS2339: Property 'registre' does not exist on type 'NexusFiscalState'.
src/context/settings/defaults.ts(149,14): error TS2741: Property 'staffToCoversRatio' is missing in type '{ weekStartDay: number; defaultView: "week"; minHoursBetweenShifts: number; maxHoursPerDay: number; maxHoursPerWeek: number; notifyOnPublish: true; absenceRequestApproval: true; swapRequestApproval: true; overtimeEnabled: false; }' but required in type 'PlanningConfig'.
src/context/settings/defaults.ts(178,14): error TS2741: Property 'complexityMode' is missing in type '{ fiscalYearStart: string; accountingMethod: "accrual"; defaultPaymentTerms: number; vatRates: { rate: number; name: string; category: string; }[]; invoicePrefix: string; invoiceNextNumber: number; ... 8 more ...; facturXProfile: "minimum"; }' but required in type 'AccountingConfig'.
src/context/TutorialContext.tsx(3,51): error TS2339: Property 'tutorial' does not exist on type 'NexusFleetState'.
src/domain/accounting/FECExporter.ts(43,32): error TS2339: Property 'split' does not exist on type 'Date'.
src/domain/accounting/FECExporter.ts(49,32): error TS2339: Property 'split' does not exist on type 'Date'.
src/domain/accounting/FECExporter.ts(55,32): error TS2339: Property 'split' does not exist on type 'Date'.
src/domain/agent/GeminiLiveService.ts(128,13): error TS2345: Argument of type 'string[] | null' is not assignable to parameter of type 'RolePermissions'.
  Type 'null' is not assignable to type 'RolePermissions'.
src/domain/agent/GeminiLiveService.ts(142,71): error TS2554: Expected 2 arguments, but got 3.
src/domain/agent/tools/FinanceTool.ts(1,37): error TS2307: Cannot find module '@/domain/agent/services/AccessPolicyManager' or its corresponding type declarations.
src/domain/agent/tools/index.ts(7,14): error TS2322: Type '{ [FinanceTool.name]: ToolDefinition; [StockTool.name]: ToolDefinition; [ReservationTool.name]: ToolDefinition; [MenuTool.name]: { name: string; description: string; parameters: { type: string; properties: { productName: { ...; }; newPrice: { ...; }; newDescription: { ...; }; }; required: string[]; }; execute: (args...' is not assignable to type 'Record<string, ToolDefinition>'.
  'string' index signatures are incompatible.
    Type 'ToolDefinition | { name: string; description: string; parameters: { type: string; properties: { productName: { type: string; description: string; }; newPrice: { type: string; description: string; }; newDescription: { ...; }; }; required: string[]; }; execute: (args: { ...; }) => Promise<...>; }' is not assignable to type 'ToolDefinition'.
      Property 'category' is missing in type '{ name: string; description: string; parameters: { type: string; properties: { productName: { type: string; description: string; }; newPrice: { type: string; description: string; }; newDescription: { type: string; description: string; }; }; required: string[]; }; execute: (args: { productName: string; newPrice?: num...' but required in type 'ToolDefinition'.
src/domain/constants/bar-data.ts(1,58): error TS2307: Cannot find module '@/types/bar' or its corresponding type declarations.
src/domain/schemas/hr.ts(39,15): error TS2554: Expected 2-3 arguments, but got 1.
src/domain/services/AccessPolicyManager.ts(88,5): error TS2353: Object literal may only specify known properties, and 'kitchen' does not exist in type 'Record<UserRole, string>'.
src/domain/services/AccountingService.ts(59,13): error TS2353: Object literal may only specify known properties, and 'status' does not exist in type 'Partial<JournalEntry>'.
src/domain/services/ChaosMonkey.ts(48,24): error TS2339: Property 'data' does not exist on type '{}'.
src/domain/services/ChaosMonkey.ts(48,37): error TS2339: Property 'data' does not exist on type '{}'.
src/domain/services/ChaosMonkey.ts(51,59): error TS2339: Property 'data' does not exist on type '{}'.
src/domain/services/ChaosMonkey.ts(54,58): error TS2339: Property 'data' does not exist on type '{}'.
src/domain/services/DataDigester.ts(87,79): error TS2339: Property 'source' does not exist on type '{ total: number; items: any[]; }'.
src/domain/services/DataDigester.ts(103,27): error TS2339: Property 'errors' does not exist on type 'ZodError<unknown>'.
src/domain/services/DataDigester.ts(103,38): error TS7006: Parameter 'e' implicitly has an 'any' type.
src/domain/services/EdgeSyncService.ts(52,80): error TS2345: Argument of type '{ data: Order[]; }' is not assignable to parameter of type 'NexusNode<Order>'.
  Type '{ data: Order[]; }' is missing the following properties from type 'NexusNode<Order>': loading, error, lastUpdated
src/domain/services/FinanceCore.ts(54,32): error TS2339: Property 'categoryId' does not exist on type 'OrderItem'.
src/domain/services/FinanceCore.ts(54,67): error TS2339: Property 'categoryId' does not exist on type 'OrderItem'.
src/domain/services/FinanceCore.ts(118,73): error TS2345: Argument of type 'ZReport' is not assignable to parameter of type 'Record<string, unknown>'.
  Index signature for type 'string' is missing in type 'ZReport'.
src/domain/services/FinanceCore.ts(135,32): error TS2339: Property 'previousHash' does not exist on type '{ hash: string; latticeSignature: string; version: "V5.5-PQ"; }'.
src/domain/services/FinanceCore.ts(136,28): error TS2339: Property 'sequence' does not exist on type '{ hash: string; latticeSignature: string; version: "V5.5-PQ"; }'.
src/domain/services/FinanceCore.ts(137,33): error TS2339: Property 'signature' does not exist on type '{ hash: string; latticeSignature: string; version: "V5.5-PQ"; }'.
src/domain/services/FleetTelemetryService.ts(8,41): error TS2307: Cannot find module '@/types/brands' or its corresponding type declarations.
src/domain/services/HACCPTelemetryBridge.ts(46,35): error TS2339: Property 'pushSiteTelemetry' does not exist on type 'typeof FleetTelemetryService'.
src/domain/services/HumanResources.test.ts(25,99): error TS2353: Object literal may only specify known properties, and 'role' does not exist in type '{ userId: string; userName: string; type: "CLOCK_IN" | "CLOCK_OUT" | "BREAK_START" | "BREAK_END"; timestamp: string | Date; location: { terminalId: string; coords?: { lat?: number | undefined; lng?: number | undefined; } | undefined; }; id?: string | undefined; fiscalSeal?: { ...; } | undefined; metadata?: Record<.....'.
src/domain/services/HumanResources.test.ts(26,100): error TS2353: Object literal may only specify known properties, and 'role' does not exist in type '{ userId: string; userName: string; type: "CLOCK_IN" | "CLOCK_OUT" | "BREAK_START" | "BREAK_END"; timestamp: string | Date; location: { terminalId: string; coords?: { lat?: number | undefined; lng?: number | undefined; } | undefined; }; id?: string | undefined; fiscalSeal?: { ...; } | undefined; metadata?: Record<.....'.
src/domain/services/HumanResources.test.ts(44,99): error TS2353: Object literal may only specify known properties, and 'role' does not exist in type '{ userId: string; userName: string; type: "CLOCK_IN" | "CLOCK_OUT" | "BREAK_START" | "BREAK_END"; timestamp: string | Date; location: { terminalId: string; coords?: { lat?: number | undefined; lng?: number | undefined; } | undefined; }; id?: string | undefined; fiscalSeal?: { ...; } | undefined; metadata?: Record<.....'.
src/domain/services/HumanResources.test.ts(45,100): error TS2353: Object literal may only specify known properties, and 'role' does not exist in type '{ userId: string; userName: string; type: "CLOCK_IN" | "CLOCK_OUT" | "BREAK_START" | "BREAK_END"; timestamp: string | Date; location: { terminalId: string; coords?: { lat?: number | undefined; lng?: number | undefined; } | undefined; }; id?: string | undefined; fiscalSeal?: { ...; } | undefined; metadata?: Record<.....'.
src/domain/services/HumanResources.test.ts(46,99): error TS2353: Object literal may only specify known properties, and 'role' does not exist in type '{ userId: string; userName: string; type: "CLOCK_IN" | "CLOCK_OUT" | "BREAK_START" | "BREAK_END"; timestamp: string | Date; location: { terminalId: string; coords?: { lat?: number | undefined; lng?: number | undefined; } | undefined; }; id?: string | undefined; fiscalSeal?: { ...; } | undefined; metadata?: Record<.....'.
src/domain/services/HumanResources.test.ts(47,100): error TS2353: Object literal may only specify known properties, and 'role' does not exist in type '{ userId: string; userName: string; type: "CLOCK_IN" | "CLOCK_OUT" | "BREAK_START" | "BREAK_END"; timestamp: string | Date; location: { terminalId: string; coords?: { lat?: number | undefined; lng?: number | undefined; } | undefined; }; id?: string | undefined; fiscalSeal?: { ...; } | undefined; metadata?: Record<.....'.
src/domain/services/HumanResources.test.ts(48,99): error TS2353: Object literal may only specify known properties, and 'role' does not exist in type '{ userId: string; userName: string; type: "CLOCK_IN" | "CLOCK_OUT" | "BREAK_START" | "BREAK_END"; timestamp: string | Date; location: { terminalId: string; coords?: { lat?: number | undefined; lng?: number | undefined; } | undefined; }; id?: string | undefined; fiscalSeal?: { ...; } | undefined; metadata?: Record<.....'.
src/domain/services/HumanResources.test.ts(49,100): error TS2353: Object literal may only specify known properties, and 'role' does not exist in type '{ userId: string; userName: string; type: "CLOCK_IN" | "CLOCK_OUT" | "BREAK_START" | "BREAK_END"; timestamp: string | Date; location: { terminalId: string; coords?: { lat?: number | undefined; lng?: number | undefined; } | undefined; }; id?: string | undefined; fiscalSeal?: { ...; } | undefined; metadata?: Record<.....'.
src/domain/services/HumanResources.test.ts(50,99): error TS2353: Object literal may only specify known properties, and 'role' does not exist in type '{ userId: string; userName: string; type: "CLOCK_IN" | "CLOCK_OUT" | "BREAK_START" | "BREAK_END"; timestamp: string | Date; location: { terminalId: string; coords?: { lat?: number | undefined; lng?: number | undefined; } | undefined; }; id?: string | undefined; fiscalSeal?: { ...; } | undefined; metadata?: Record<.....'.
src/domain/services/HumanResources.test.ts(51,100): error TS2353: Object literal may only specify known properties, and 'role' does not exist in type '{ userId: string; userName: string; type: "CLOCK_IN" | "CLOCK_OUT" | "BREAK_START" | "BREAK_END"; timestamp: string | Date; location: { terminalId: string; coords?: { lat?: number | undefined; lng?: number | undefined; } | undefined; }; id?: string | undefined; fiscalSeal?: { ...; } | undefined; metadata?: Record<.....'.
src/domain/services/HumanResources.test.ts(52,99): error TS2353: Object literal may only specify known properties, and 'role' does not exist in type '{ userId: string; userName: string; type: "CLOCK_IN" | "CLOCK_OUT" | "BREAK_START" | "BREAK_END"; timestamp: string | Date; location: { terminalId: string; coords?: { lat?: number | undefined; lng?: number | undefined; } | undefined; }; id?: string | undefined; fiscalSeal?: { ...; } | undefined; metadata?: Record<.....'.
src/domain/services/HumanResources.test.ts(53,101): error TS2353: Object literal may only specify known properties, and 'role' does not exist in type '{ userId: string; userName: string; type: "CLOCK_IN" | "CLOCK_OUT" | "BREAK_START" | "BREAK_END"; timestamp: string | Date; location: { terminalId: string; coords?: { lat?: number | undefined; lng?: number | undefined; } | undefined; }; id?: string | undefined; fiscalSeal?: { ...; } | undefined; metadata?: Record<.....'.
src/domain/services/HumanResources.ts(1,43): error TS2305: Module '"@/domain/schemas/hr"' has no exported member 'PayrollCalculation'.
src/domain/services/HumanResources.ts(1,63): error TS2305: Module '"@/domain/schemas/hr"' has no exported member 'ShiftStats'.
src/domain/services/HumanResources.ts(22,21): error TS2304: Cannot find name 'format'.
src/domain/services/HumanResources.ts(35,29): error TS2304: Cannot find name 'addDays'.
src/domain/services/HumanResources.ts(44,21): error TS2304: Cannot find name 'format'.
src/domain/services/HumanResources.ts(53,46): error TS2304: Cannot find name 'isSameDay'.
src/domain/services/InventoryVisionService.ts(3,10): error TS2305: Module '"./StockEngine"' has no exported member 'calculatePriceEvolution'.
src/domain/services/KitchenService.ts(17,16): error TS2352: Conversion of type '{ id: string; name: string; category: string; prepTime: number; cookTime: number; portions: number; difficulty: "medium" | "easy" | "hard"; ingredients: RecipeIngredient[]; ... 12 more ...; isActive?: boolean | undefined; }' to type 'Recipe' may be a mistake because neither type sufficiently overlaps with the other. If this was intentional, convert the expression to 'unknown' first.
  Types of property 'updatedAt' are incompatible.
    Type 'string' is not comparable to type 'Date'.
src/domain/services/MacroBrain.ts(1,32): error TS2307: Cannot find module '@/types/empire' or its corresponding type declarations.
src/domain/services/MacroBrain.ts(120,13): error TS2322: Type '"orchestration"' is not assignable to type 'AuditModule'.
src/domain/services/MacroBrain.ts(188,62): error TS2345: Argument of type 'unknown' is not assignable to parameter of type 'LogMetadata | undefined'.
src/domain/services/MarketingService.ts(36,28): error TS2339: Property 'PROMO_REGISTRY' does not exist on type 'typeof MarketingService'.
src/domain/services/NexusPayrollEngine.ts(63,58): error TS2345: Argument of type 'string' is not assignable to parameter of type 'Record<string, unknown>'.
src/domain/services/NF525Service.ts(46,21): error TS2353: Object literal may only specify known properties, and 'allowedFeatures' does not exist in type 'MasterConfig'.
src/domain/services/NF525Service.ts(87,57): error TS2339: Property 'recipes' does not exist on type 'RestaurantOfflineDB'.
src/domain/services/NF525Service.ts(108,23): error TS2352: Conversion of type 'InventoryMovement' to type 'Record<string, unknown>' may be a mistake because neither type sufficiently overlaps with the other. If this was intentional, convert the expression to 'unknown' first.
  Index signature for type 'string' is missing in type 'InventoryMovement'.
src/domain/services/NF525Service.ts(163,28): error TS2304: Cannot find name 'Table'.
src/domain/services/NF525Service.ts(185,13): error TS2353: Object literal may only specify known properties, and 'timestamp' does not exist in type 'Omit<SyncOperation, "timestamp" | "status" | "attempts">'.
src/domain/services/OfflineMasteryEngine.ts(2,20): error TS2307: Cannot find module '@/domain/offline/offline-store' or its corresponding type declarations.
src/domain/services/OracleEngine.ts(1,21): error TS2305: Module '"@/types"' has no exported member 'StockEvent'.
src/domain/services/ProvisioningEngine.ts(71,41): error TS2339: Property 'pushSiteTelemetry' does not exist on type 'typeof FleetTelemetryService'.
src/domain/services/QualityEngine.test.ts(6,1): error TS2708: Cannot use namespace 'jest' as a value.
src/domain/services/QualityEngine.test.ts(7,20): error TS2708: Cannot use namespace 'jest' as a value.
src/domain/services/QualityEngine.test.ts(12,1): error TS2708: Cannot use namespace 'jest' as a value.
src/domain/services/QualityEngine.test.ts(14,11): error TS2708: Cannot use namespace 'jest' as a value.
src/domain/services/QualityEngine.test.ts(15,12): error TS2708: Cannot use namespace 'jest' as a value.
src/domain/services/QualityEngine.test.ts(16,11): error TS2708: Cannot use namespace 'jest' as a value.
src/domain/services/QualityEngine.test.ts(20,1): error TS2582: Cannot find name 'describe'. Do you need to install type definitions for a test runner? Try `npm i --save-dev @types/jest` or `npm i --save-dev @types/mocha`.
src/domain/services/QualityEngine.test.ts(79,3): error TS2304: Cannot find name 'beforeEach'.
src/domain/services/QualityEngine.test.ts(80,5): error TS2708: Cannot use namespace 'jest' as a value.
src/domain/services/QualityEngine.test.ts(83,3): error TS2582: Cannot find name 'it'. Do you need to install type definitions for a test runner? Try `npm i --save-dev @types/jest` or `npm i --save-dev @types/mocha`.
src/domain/services/QualityEngine.test.ts(86,5): error TS2304: Cannot find name 'expect'.
src/domain/services/QualityEngine.test.ts(87,5): error TS2304: Cannot find name 'expect'.
src/domain/services/QualityEngine.test.ts(87,19): error TS2339: Property 'metadata' does not exist on type '{ id: string; currentStatus: string; }'.
src/domain/services/QualityEngine.test.ts(88,5): error TS2304: Cannot find name 'expect'.
src/domain/services/QualityEngine.test.ts(88,69): error TS2304: Cannot find name 'expect'.
src/domain/services/QualityEngine.test.ts(90,5): error TS2304: Cannot find name 'expect'.
src/domain/services/QualityEngine.test.ts(90,64): error TS2304: Cannot find name 'expect'.
src/domain/services/QualityEngine.test.ts(93,3): error TS2582: Cannot find name 'it'. Do you need to install type definitions for a test runner? Try `npm i --save-dev @types/jest` or `npm i --save-dev @types/mocha`.
src/domain/services/QualityEngine.test.ts(107,5): error TS2304: Cannot find name 'expect'.
src/domain/services/QualityEngine.test.ts(107,19): error TS2339: Property 'summary' does not exist on type '{ id: string; currentStatus: string; }'.
src/domain/services/QualityEngine.test.ts(112,3): error TS2582: Cannot find name 'it'. Do you need to install type definitions for a test runner? Try `npm i --save-dev @types/jest` or `npm i --save-dev @types/mocha`.
src/domain/services/QualityEngine.test.ts(114,5): error TS2304: Cannot find name 'expect'.
src/domain/services/QualityEngine.test.ts(114,19): error TS2339: Property 'metadata' does not exist on type '{ id: string; currentStatus: string; }'.
src/domain/services/QualityEngine.ts(105,19): error TS2322: Type '[string, string, string]' is not assignable to type '{ field: string; operator: NexusQueryOperator; value: string | number | boolean | string[] | number[]; }'.
src/domain/services/QualityEngine.ts(118,16): error TS2554: Expected 1 arguments, but got 2.
src/domain/services/QuoteEngine.ts(13,26): error TS2339: Property 'pos' does not exist on type 'ZodNumber'.
src/domain/services/ReservationService.ts(50,29): error TS2339: Property 'createdAt' does not exist on type 'Partial<Reservation>'.
src/domain/services/Slayer.ts(8,24): error TS2305: Module '"./DataDigester"' has no exported member 'LegacyOrder'.
src/domain/services/SovereignLedger.ts(27,19): error TS2304: Cannot find name 'AccountingMode'.
src/domain/services/SovereignLedger.ts(80,85): error TS2304: Cannot find name 'AccountingMode'.
src/domain/services/StaffService.ts(18,9): error TS2304: Cannot find name 'logger'.
src/domain/services/StaffService.ts(66,13): error TS2304: Cannot find name 'logger'.
src/domain/services/StockEngine.ts(143,13): error TS2353: Object literal may only specify known properties, and 'createdAt' does not exist in type 'Partial<StockItem>'.
src/domain/services/TreasuryEngine.ts(1,32): error TS2307: Cannot find module '@/types/empire' or its corresponding type declarations.
src/domain/services/VoiceCommandService.ts(9,3): error TS1042: 'private' modifier cannot be used here.
src/domain/services/VoiceCommandService.ts(9,24): error TS2693: 'boolean' only refers to a type, but is being used as a value here.
src/domain/services/ZKBenchmarkEngine.ts(36,5): error TS2304: Cannot find name 'logger'.
src/domain/types/empire.ts(53,19): error TS2554: Expected 2-3 arguments, but got 1.
src/engines/core/hooks/auth/AuthAccess.tsx(24,39): error TS2339: Property 'tenantId' does not exist on type 'User'.
src/engines/core/hooks/auth/AuthAccess.tsx(31,60): error TS2554: Expected 2 arguments, but got 1.
src/engines/core/hooks/auth/AuthAccess.tsx(33,67): error TS2554: Expected 2 arguments, but got 1.
src/engines/core/hooks/auth/AuthAccess.tsx(53,38): error TS2339: Property 'tenantId' does not exist on type 'User'.
src/engines/core/hooks/auth/AuthAccess.tsx(56,53): error TS2554: Expected 2 arguments, but got 1.
src/engines/core/hooks/auth/AuthAccess.tsx(61,39): error TS2339: Property 'tenantId' does not exist on type 'User'.
src/engines/core/hooks/auth/AuthAccess.tsx(70,39): error TS2339: Property 'tenantId' does not exist on type 'User'.
src/engines/core/hooks/auth/AuthAccess.tsx(77,36): error TS2554: Expected 3 arguments, but got 2.
src/engines/core/NexusCoreProvider.tsx(4,32): error TS2307: Cannot find module '@/hooks/auth/AuthSession' or its corresponding type declarations.
src/engines/core/NexusCoreProvider.tsx(5,31): error TS2307: Cannot find module '@/hooks/auth/AuthAccess' or its corresponding type declarations.
src/engines/core/NexusCoreProvider.tsx(6,30): error TS2307: Cannot find module '@/hooks/auth/AuthStaff' or its corresponding type declarations.
src/engines/core/NexusCoreProvider.tsx(13,35): error TS2307: Cannot find module '@/hooks/settings/useSettingsModule' or its corresponding type declarations.
src/engines/core/NexusCoreProvider.tsx(97,45): error TS7006: Parameter 'u' implicitly has an 'any' type.
src/engines/core/NexusCoreProvider.tsx(97,93): error TS7006: Parameter 'u' implicitly has an 'any' type.
src/engines/core/NexusCoreProvider.tsx(124,47): error TS7006: Parameter 'u' implicitly has an 'any' type.
src/engines/core/NexusCoreProvider.tsx(221,36): error TS2322: Type '{ auth: NexusAuthState; tenant: NexusTenantState; ui: NexusUIState; settings: any; theme: {}; lang: { t: (key: string) => string; currentLanguage: "fr" | ... 3 more ... | "es"; setLanguage: (l: Language) => void; availableLanguages: string[]; }; notif: {}; }' is not assignable to type 'NexusCoreState'.
  Types of property 'notif' are incompatible.
    Type '{}' is missing the following properties from type 'NexusNotifState': addNotification, notifications
src/engines/fiscal/NexusFiscalProvider.tsx(9,37): error TS2307: Cannot find module '@/app/actions/accounting' or its corresponding type declarations.
src/engines/fiscal/NexusFiscalProvider.tsx(65,53): error TS2339: Property 'type' does not exist on type 'JournalEntry'.
src/engines/fiscal/NexusFiscalProvider.tsx(65,101): error TS2339: Property 'amountInCents' does not exist on type 'JournalEntry'.
src/engines/fiscal/NexusFiscalProvider.tsx(65,120): error TS2339: Property 'amount' does not exist on type 'JournalEntry'.
src/engines/fiscal/NexusFiscalProvider.tsx(66,54): error TS2339: Property 'type' does not exist on type 'JournalEntry'.
src/engines/fiscal/NexusFiscalProvider.tsx(66,102): error TS2339: Property 'amountInCents' does not exist on type 'JournalEntry'.
src/engines/fiscal/NexusFiscalProvider.tsx(66,121): error TS2339: Property 'amount' does not exist on type 'JournalEntry'.
src/engines/fiscal/NexusFiscalProvider.tsx(93,37): error TS2339: Property 'uid' does not exist on type 'User'.
src/engines/fiscal/NexusFiscalProvider.tsx(94,39): error TS2339: Property 'displayName' does not exist on type 'User'.
src/engines/fiscal/NexusFiscalProvider.tsx(104,35): error TS2339: Property 'runAudit' does not exist on type '{ sealEntry(transactionId: string, data: Record<string, unknown>, options?: { lastSeal?: { id: string; transactionId: string; previousHash: string; hash: string; timestamp: string; dataSnapshot: string; signature: string; } | undefined; isTrainingMode?: boolean | undefined; instanceId?: string | undefined; }): Promi...'.
src/engines/fleet/NexusFleetProvider.tsx(74,50): error TS2339: Property 'priceMultiplier' does not exist on type 'OrchestratorSignal'.
src/engines/fleet/NexusFleetProvider.tsx(110,19): error TS2322: Type '{ id: any; key: any; name: any; status: any; tier: any; version: any; createdAt: any; lastHeartbeat: any; metrics: { activeUsers: any; dailyRevenue: any; revenue24h: any; healthScore: any; complianceScore: any; lowStockAlerts: any; }; branding: any; security: any; }[]' is not assignable to type '{ id: string; key: string; name: string; status: "offline" | "error" | "locked" | "online" | "maintenance" | "provisioning"; tier: "standard" | "premium" | "enterprise" | "empire-limitless"; ... 7 more ...; firebaseConfig?: { ...; } | undefined; }[]'.
  Property 'featureFlags' is missing in type '{ id: any; key: any; name: any; status: any; tier: any; version: any; createdAt: any; lastHeartbeat: any; metrics: { activeUsers: any; dailyRevenue: any; revenue24h: any; healthScore: any; complianceScore: any; lowStockAlerts: any; }; branding: any; security: any; }' but required in type '{ id: string; key: string; name: string; status: "offline" | "error" | "locked" | "online" | "maintenance" | "provisioning"; tier: "standard" | "premium" | "enterprise" | "empire-limitless"; ... 7 more ...; firebaseConfig?: { ...; } | undefined; }'.
src/engines/fleet/NexusFleetProvider.tsx(189,23): error TS2304: Cannot find name 'Nexus'.
src/engines/ops/NexusOpsProvider.tsx(55,8): error TS2307: Cannot find module '@/app/actions/hr' or its corresponding type declarations.
src/engines/ops/NexusOpsProvider.tsx(60,8): error TS2307: Cannot find module '@/app/actions/reservations' or its corresponding type declarations.
src/engines/ops/NexusOpsProvider.tsx(61,35): error TS2307: Cannot find module '@/app/actions/groups' or its corresponding type declarations.
src/engines/ops/NexusOpsProvider.tsx(69,8): error TS2307: Cannot find module '@/app/actions/marketing' or its corresponding type declarations.
src/engines/ops/NexusOpsProvider.tsx(71,78): error TS2307: Cannot find module '@/app/actions/kitchen' or its corresponding type declarations.
src/engines/ops/NexusOpsProvider.tsx(148,21): error TS2339: Property 'initializeTenantFirebase' does not exist on type 'typeof import("/Users/mohammed-aliboudjaadar/RESTAURANT-OS-CORE/src/lib/firebase")'.
src/engines/ops/NexusOpsProvider.tsx(173,23): error TS2304: Cannot find name 'Nexus'.
src/engines/ops/NexusOpsProvider.tsx(243,24): error TS2304: Cannot find name 'Nexus'.
src/engines/ops/NexusOpsProvider.tsx(244,19): error TS2304: Cannot find name 'Nexus'.
src/engines/ops/NexusOpsProvider.tsx(247,19): error TS2304: Cannot find name 'Nexus'.
src/engines/ops/NexusOpsProvider.tsx(250,19): error TS2304: Cannot find name 'Nexus'.
src/engines/ops/NexusOpsProvider.tsx(253,19): error TS2304: Cannot find name 'Nexus'.
src/engines/ops/NexusOpsProvider.tsx(257,24): error TS2304: Cannot find name 'Nexus'.
src/engines/ops/NexusOpsProvider.tsx(258,19): error TS2304: Cannot find name 'Nexus'.
src/engines/ops/NexusOpsProvider.tsx(262,19): error TS2304: Cannot find name 'Nexus'.
src/engines/ops/NexusOpsProvider.tsx(299,9): error TS2552: Cannot find name 'lowStockItems'. Did you mean 'stockItems'?
src/engines/ops/NexusOpsProvider.tsx(300,9): error TS18004: No value exists in scope for the shorthand property 'expiringItems'. Either declare one or provide an initializer.
src/engines/ops/NexusOpsProvider.tsx(306,19): error TS2304: Cannot find name 'Nexus'.
src/engines/ops/NexusOpsProvider.tsx(313,19): error TS2304: Cannot find name 'Nexus'.
src/engines/ops/NexusOpsProvider.tsx(319,19): error TS2304: Cannot find name 'Nexus'.
src/engines/ops/NexusOpsProvider.tsx(326,24): error TS2304: Cannot find name 'Nexus'.
src/engines/ops/NexusOpsProvider.tsx(327,19): error TS2304: Cannot find name 'Nexus'.
src/engines/ops/NexusOpsProvider.tsx(365,30): error TS2339: Property 'data' does not exist on type 'RegulatoryWasteLog[]'.
src/engines/ops/NexusOpsProvider.tsx(365,53): error TS2339: Property 'loading' does not exist on type 'RegulatoryWasteLog[]'.
src/engines/ops/NexusOpsProvider.tsx(365,75): error TS2339: Property 'error' does not exist on type 'RegulatoryWasteLog[]'.
src/engines/ops/NexusOpsProvider.tsx(496,88): error TS2345: Argument of type '() => Promise<any[]>' is not assignable to parameter of type '() => void | Promise<void>'.
  Type 'Promise<any[]>' is not assignable to type 'void | Promise<void>'.
    Type 'Promise<any[]>' is not assignable to type 'Promise<void>'.
      Type 'any[]' is not assignable to type 'void'.
src/engines/ops/NexusOpsProvider.tsx(554,35): error TS2304: Cannot find name 'Nexus'.
src/engines/ops/NexusOpsProvider.tsx(555,19): error TS2304: Cannot find name 'Nexus'.
src/engines/ops/NexusOpsProvider.tsx(563,19): error TS2304: Cannot find name 'Nexus'.
src/hooks/useAccounting.ts(5,5): error TS2305: Module '"@/store/operationalAtoms"' has no exported member 'journalEntriesAtom'.
src/hooks/useAccounting.ts(6,5): error TS2305: Module '"@/store/operationalAtoms"' has no exported member 'accountsAtom'.
src/hooks/useAccounting.ts(7,5): error TS2305: Module '"@/store/operationalAtoms"' has no exported member 'bankTransactionsAtom'.
src/hooks/useAccounting.ts(8,5): error TS2305: Module '"@/store/operationalAtoms"' has no exported member 'expenseClaimsAtom'.
src/hooks/useAccounting.ts(9,5): error TS2305: Module '"@/store/operationalAtoms"' has no exported member 'accountingViewModeAtom'.
src/hooks/useAccounting.ts(31,21): error TS7006: Parameter 'prev' implicitly has an 'any' type.
src/hooks/useAccounting.ts(75,31): error TS7006: Parameter 'prev' implicitly has an 'any' type.
src/hooks/useAccounting.ts(79,31): error TS7006: Parameter 'prev' implicitly has an 'any' type.
src/hooks/useAccounting.ts(79,48): error TS7006: Parameter 'e' implicitly has an 'any' type.
src/hooks/useDataMigration.ts(94,30): error TS2304: Cannot find name 'useCallback'.
src/hooks/useFiscal.ts(7,37): error TS2307: Cannot find module '@/app/actions/accounting' or its corresponding type declarations.
src/hooks/useFiscal.ts(35,37): error TS2339: Property 'uid' does not exist on type 'User'.
src/hooks/useFiscal.ts(36,39): error TS2339: Property 'displayName' does not exist on type 'User'.
src/hooks/useFiscal.ts(47,35): error TS2339: Property 'runAudit' does not exist on type '{ sealEntry(transactionId: string, data: Record<string, unknown>, options?: { lastSeal?: { id: string; transactionId: string; previousHash: string; hash: string; timestamp: string; dataSnapshot: string; signature: string; } | undefined; isTrainingMode?: boolean | undefined; instanceId?: string | undefined; }): Promi...'.
src/hooks/useFloorOps.ts(19,9): error TS2349: This expression is not callable.
  Type 'never' has no call signatures.
src/hooks/useFloorOps.ts(24,17): error TS2349: This expression is not callable.
  Type 'never' has no call signatures.
src/hooks/useFloorOps.ts(27,13): error TS2349: This expression is not callable.
  Type 'never' has no call signatures.
src/hooks/useFloorOps.ts(37,13): error TS2349: This expression is not callable.
  Type 'never' has no call signatures.
src/hooks/useFloorOps.ts(37,24): error TS7006: Parameter 'prev' implicitly has an 'any' type.
src/hooks/useFloorOps.ts(37,43): error TS7006: Parameter 't' implicitly has an 'any' type.
src/hooks/useHACCP.ts(48,29): error TS2339: Property 'status' does not exist on type 'HygieneLog | ReceptionLog | MaintenanceLog'.
  Property 'status' does not exist on type 'ReceptionLog'.
src/hooks/useHACCP.ts(48,54): error TS2339: Property 'critical' does not exist on type 'HygieneLog | ReceptionLog | MaintenanceLog'.
  Property 'critical' does not exist on type 'HygieneLog'.
src/hooks/useHACCP.ts(61,29): error TS2339: Property 'status' does not exist on type 'HygieneLog | ReceptionLog | MaintenanceLog'.
  Property 'status' does not exist on type 'ReceptionLog'.
src/hooks/useHACCP.ts(61,58): error TS2339: Property 'critical_issue' does not exist on type 'HygieneLog | ReceptionLog | MaintenanceLog'.
  Property 'critical_issue' does not exist on type 'HygieneLog'.
src/hooks/useHumanResources.ts(43,9): error TS2349: This expression is not callable.
  Type 'never' has no call signatures.
src/hooks/useHumanResources.ts(43,26): error TS7006: Parameter 'prev' implicitly has an 'any' type.
src/hooks/useHumanResources.ts(43,43): error TS7006: Parameter 'r' implicitly has an 'any' type.
src/hooks/useHumanResources.ts(47,9): error TS2349: This expression is not callable.
  Type 'never' has no call signatures.
src/hooks/useHumanResources.ts(47,26): error TS7006: Parameter 'prev' implicitly has an 'any' type.
src/hooks/useHumanResources.ts(47,43): error TS7006: Parameter 'r' implicitly has an 'any' type.
src/hooks/useHumanResources.ts(56,9): error TS2349: This expression is not callable.
  Type 'never' has no call signatures.
src/hooks/useHumanResources.ts(56,26): error TS7006: Parameter 'prev' implicitly has an 'any' type.
src/hooks/useInstanceGuard.ts(20,5): error TS2305: Module '"@/store/instanceGuardAtoms"' has no exported member 'instanceGuardResultAtom'.
src/hooks/useInstanceGuard.ts(21,5): error TS2305: Module '"@/store/instanceGuardAtoms"' has no exported member 'instanceGuardInitializedAtom'.
src/hooks/useInstanceGuard.ts(22,5): error TS2305: Module '"@/store/instanceGuardAtoms"' has no exported member 'instanceVerdictAtom'.
src/hooks/useInstanceGuard.ts(23,5): error TS2724: '"@/store/instanceGuardAtoms"' has no exported member named 'isInstanceAuthorizedAtom'. Did you mean 'isAuthorizedAtom'?
src/hooks/useInstanceGuard.ts(24,5): error TS2305: Module '"@/store/instanceGuardAtoms"' has no exported member 'resolvedTenantIdAtom'.
src/hooks/useInstanceGuard.ts(25,5): error TS2305: Module '"@/store/instanceGuardAtoms"' has no exported member 'isDevModeAtom'.
src/hooks/useInstanceGuard.ts(26,5): error TS2305: Module '"@/store/instanceGuardAtoms"' has no exported member 'validatedHostAtom'.
src/hooks/useInstanceGuard.ts(27,5): error TS2305: Module '"@/store/instanceGuardAtoms"' has no exported member 'runInstanceValidationAtom'.
src/hooks/useInstanceGuard.ts(28,5): error TS2305: Module '"@/store/instanceGuardAtoms"' has no exported member 'forceRevalidateInstanceAtom'.
src/hooks/useInstanceGuard.ts(30,15): error TS2305: Module '"@/domain/services/InstanceGuard"' has no exported member 'InstanceVerdict'.
src/hooks/useInstanceGuard.ts(30,32): error TS2724: '"@/domain/services/InstanceGuard"' has no exported member named 'InstanceGuardResult'. Did you mean 'InstanceGuard'?
src/hooks/useKitchen.ts(12,78): error TS2307: Cannot find module '@/app/actions/kitchen' or its corresponding type declarations.
src/hooks/useManagement.ts(23,25): error TS2339: Property 'data' does not exist on type 'RegulatoryWasteLog[]'.
src/hooks/useManagement.ts(24,30): error TS2339: Property 'loading' does not exist on type 'RegulatoryWasteLog[]'.
src/hooks/useManagement.ts(25,26): error TS2339: Property 'error' does not exist on type 'RegulatoryWasteLog[]'.
src/hooks/useNexusFleet.ts(33,19): error TS2322: Type '{ id: any; key: any; name: any; status: any; tier: any; version: any; createdAt: any; lastHeartbeat: any; metrics: { activeUsers: any; dailyRevenue: any; revenue24h: any; healthScore: any; complianceScore: any; lowStockAlerts: any; }; branding: any; security: any; }[]' is not assignable to type '{ id: string; key: string; name: string; status: "offline" | "error" | "locked" | "online" | "maintenance" | "provisioning"; tier: "standard" | "premium" | "enterprise" | "empire-limitless"; ... 7 more ...; firebaseConfig?: { ...; } | undefined; }[]'.
  Property 'featureFlags' is missing in type '{ id: any; key: any; name: any; status: any; tier: any; version: any; createdAt: any; lastHeartbeat: any; metrics: { activeUsers: any; dailyRevenue: any; revenue24h: any; healthScore: any; complianceScore: any; lowStockAlerts: any; }; branding: any; security: any; }' but required in type '{ id: string; key: string; name: string; status: "offline" | "error" | "locked" | "online" | "maintenance" | "provisioning"; tier: "standard" | "premium" | "enterprise" | "empire-limitless"; ... 7 more ...; firebaseConfig?: { ...; } | undefined; }'.
src/hooks/useNexusOps.ts(25,21): error TS2339: Property 'initializeTenantFirebase' does not exist on type 'typeof import("/Users/mohammed-aliboudjaadar/RESTAURANT-OS-CORE/src/lib/firebase")'.
src/hooks/useNotifications.ts(2,59): error TS2459: Module '"@/store/uiAtoms"' declares 'Notification' locally, but it is not exported.
src/hooks/useOrders.ts(19,47): error TS2560: Value of type '(orders: any) => any' has no properties in common with type 'Partial<Omit<NexusNode<Order>, "lastUpdated">>'. Did you mean to call it?
src/hooks/useOrders.ts(19,48): error TS7006: Parameter 'orders' implicitly has an 'any' type.
src/hooks/useOrders.ts(20,24): error TS7006: Parameter 'o' implicitly has an 'any' type.
src/hooks/useOrders.ts(40,51): error TS2559: Type '(orders: any) => any[]' has no properties in common with type 'Partial<Omit<NexusNode<Order>, "lastUpdated">>'.
src/hooks/useOrders.ts(40,52): error TS7006: Parameter 'orders' implicitly has an 'any' type.
src/hooks/usePOSController.ts(6,38): error TS2307: Cannot find module '@/app/actions/transactions' or its corresponding type declarations.
src/hooks/usePOSController.ts(46,21): error TS7006: Parameter 't' implicitly has an 'any' type.
src/hooks/usePOSController.ts(151,45): error TS7006: Parameter 't' implicitly has an 'any' type.
src/hooks/useQuality.ts(38,13): error TS2339: Property 'tenantId' does not exist on type '{ settings: GlobalSettings; isLoading: boolean; isSaving: boolean; lastSaved: Date | null; updateSettings: (newSettings: GlobalSettings) => Promise<...>; updateConfig: (key: keyof GlobalSettings, data: any) => Promise<...>; updateIdentity: (data: any) => Promise<...>; }'.
src/hooks/useQualityBridge.ts(25,13): error TS2339: Property 'tenantId' does not exist on type '{ settings: GlobalSettings; isLoading: boolean; isSaving: boolean; lastSaved: Date | null; updateSettings: (newSettings: GlobalSettings) => Promise<...>; updateConfig: (key: keyof GlobalSettings, data: any) => Promise<...>; updateIdentity: (data: any) => Promise<...>; }'.
src/hooks/useRecruitment.ts(6,19): error TS2305: Module '"@/context/AuthContext"' has no exported member 'useTenant'.
src/hooks/useRecruitment.ts(7,38): error TS2307: Cannot find module '@/app/actions/recruitment' or its corresponding type declarations.
src/hooks/useReservations.ts(6,41): error TS2307: Cannot find module '@/app/actions/reservations' or its corresponding type declarations.
src/hooks/useStockBridge.ts(2,10): error TS2305: Module '"@/store/inventoryAtoms"' has no exported member 'inventoryAtoms'.
src/hooks/useStockBridge.ts(13,13): error TS2339: Property 'tenantId' does not exist on type '{ settings: GlobalSettings; isLoading: boolean; isSaving: boolean; lastSaved: Date | null; updateSettings: (newSettings: GlobalSettings) => Promise<...>; updateConfig: (key: keyof GlobalSettings, data: any) => Promise<...>; updateIdentity: (data: any) => Promise<...>; }'.
src/hooks/useStockBridge.ts(18,38): error TS2339: Property 'processReception' does not exist on type 'typeof StockEngine'.
src/hooks/useStrategicOracle.ts(13,24): error TS2339: Property 'setInstances' does not exist on type 'NexusFleetState'.
src/hooks/useStrategicOracle.ts(17,22): error TS2304: Cannot find name 'useMemo'.
src/hooks/useTenantLifecycle.ts(30,76): error TS2322: Type '"active"' is not assignable to type '"offline" | "error" | "locked" | "online" | "maintenance" | "provisioning"'.
src/i18n/translations.ts(24,41): error TS2345: Argument of type '{}' is not assignable to parameter of type 'Record<string, unknown>'.
  Index signature for type 'string' is missing in type '{}'.
src/instances/bistrolyon.ts(1,15): error TS2305: Module '"@/types"' has no exported member 'TenantConfig'.
src/instances/index.ts(4,10): error TS2305: Module '"@/types"' has no exported member 'TenantConfig'.
src/instances/lepetitpoucet.ts(1,15): error TS2305: Module '"@/types"' has no exported member 'TenantConfig'.
src/instances/urbanburger.ts(1,15): error TS2305: Module '"@/types"' has no exported member 'TenantConfig'.
src/lib/docs/accounting.ts(2,10): error TS2724: '"@/types"' has no exported member named 'DocCategory'. Did you mean 'Category'?
src/lib/docs/ai-referencing.ts(2,10): error TS2724: '"@/types"' has no exported member named 'DocCategory'. Did you mean 'Category'?
src/lib/docs/analytics.ts(2,10): error TS2724: '"@/types"' has no exported member named 'DocCategory'. Did you mean 'Category'?
src/lib/docs/bar.ts(2,10): error TS2724: '"@/types"' has no exported member named 'DocCategory'. Did you mean 'Category'?
src/lib/docs/crm.ts(2,10): error TS2724: '"@/types"' has no exported member named 'DocCategory'. Did you mean 'Category'?
src/lib/docs/dashboard.ts(2,10): error TS2724: '"@/types"' has no exported member named 'DocCategory'. Did you mean 'Category'?
src/lib/docs/floor-plan.ts(2,10): error TS2724: '"@/types"' has no exported member named 'DocCategory'. Did you mean 'Category'?
src/lib/docs/general.ts(2,10): error TS2724: '"@/types"' has no exported member named 'DocCategory'. Did you mean 'Category'?
src/lib/docs/haccp.ts(2,10): error TS2724: '"@/types"' has no exported member named 'DocCategory'. Did you mean 'Category'?
src/lib/docs/index.ts(1,10): error TS2724: '"@/types"' has no exported member named 'DocCategory'. Did you mean 'Category'?
src/lib/docs/intelligence.ts(2,10): error TS2724: '"@/types"' has no exported member named 'DocCategory'. Did you mean 'Category'?
src/lib/docs/inventory.ts(2,10): error TS2724: '"@/types"' has no exported member named 'DocCategory'. Did you mean 'Category'?
src/lib/docs/kds.ts(2,10): error TS2724: '"@/types"' has no exported member named 'DocCategory'. Did you mean 'Category'?
src/lib/docs/kitchen.ts(2,10): error TS2724: '"@/types"' has no exported member named 'DocCategory'. Did you mean 'Category'?
src/lib/docs/onboarding.ts(2,10): error TS2724: '"@/types"' has no exported member named 'DocCategory'. Did you mean 'Category'?
src/lib/docs/planning.ts(2,10): error TS2724: '"@/types"' has no exported member named 'DocCategory'. Did you mean 'Category'?
src/lib/docs/pos.ts(2,10): error TS2724: '"@/types"' has no exported member named 'DocCategory'. Did you mean 'Category'?
src/lib/docs/reservations.ts(2,10): error TS2724: '"@/types"' has no exported member named 'DocCategory'. Did you mean 'Category'?
src/lib/docs/seo.ts(2,10): error TS2724: '"@/types"' has no exported member named 'DocCategory'. Did you mean 'Category'?
src/lib/docs/settings.ts(2,10): error TS2724: '"@/types"' has no exported member named 'DocCategory'. Did you mean 'Category'?
src/lib/docs/social-marketing.ts(2,10): error TS2724: '"@/types"' has no exported member named 'DocCategory'. Did you mean 'Category'?
src/lib/docs/staff.ts(2,10): error TS2724: '"@/types"' has no exported member named 'DocCategory'. Did you mean 'Category'?
src/lib/firebase.ts(77,5): error TS2304: Cannot find name 'Nexus'.
src/lib/firebase.ts(82,12): error TS2304: Cannot find name 'Nexus'.
src/lib/marketing-engine.ts(140,66): error TS2339: Property 'location' does not exist on type 'RestaurantIdentity'.
src/lib/nexus/adapters/FirestoreAdapter.ts(78,66): error TS2345: Argument of type 'T' is not assignable to parameter of type 'WithFieldValue<DocumentData>'.
  Type 'T' is not assignable to type '{ [x: string]: any; }'.
src/lib/nexus/adapters/FirestoreAdapter.ts(86,50): error TS2345: Argument of type '{ merge?: boolean | undefined; } | undefined' is not assignable to parameter of type 'SetOptions'.
  Type 'undefined' is not assignable to type 'SetOptions'.
src/lib/nexus/NexusAdapter.ts(50,14): error TS2551: Property '_adapter' does not exist on type 'NexusManager'. Did you mean 'adapter'?
src/lib/nexus/NexusAdapter.ts(58,19): error TS2551: Property '_adapter' does not exist on type 'NexusManager'. Did you mean 'adapter'?
src/lib/nexus/NexusAdapter.ts(61,21): error TS2551: Property '_adapter' does not exist on type 'NexusManager'. Did you mean 'adapter'?
src/lib/nexus/NexusAdapter.ts(71,40): error TS2551: Property '_adapter' does not exist on type 'NexusManager'. Did you mean 'adapter'?
src/lib/nexus/NexusAdapter.ts(72,38): error TS2551: Property '_adapter' does not exist on type 'NexusManager'. Did you mean 'adapter'?
src/lib/nexus/NexusAdapter.ts(80,14): error TS2551: Property '_adapter' does not exist on type 'NexusManager'. Did you mean 'adapter'?
src/lib/nexus/NexusAdapter.ts(89,14): error TS2551: Property '_adapter' does not exist on type 'NexusManager'. Did you mean 'adapter'?
src/lib/nexus/NexusAdapter.ts(100,14): error TS2551: Property '_tenantOverride' does not exist on type 'NexusManager'. Did you mean 'tenantOverride'?
src/lib/nexus/NexusAdapter.ts(104,21): error TS2551: Property '_tenantOverride' does not exist on type 'NexusManager'. Did you mean 'tenantOverride'?
src/lib/nexus/NexusAdapter.ts(115,31): error TS2551: Property '_tenantOverride' does not exist on type 'NexusManager'. Did you mean 'tenantOverride'?
src/lib/nexus/NexusAdapter.ts(126,58): error TS2551: Property '_tenantOverride' does not exist on type 'NexusManager'. Did you mean 'tenantOverride'?
src/lib/nexus/TelemetryService.ts(56,49): error TS2339: Property 'hash' does not exist on type 'JournalEntry'.
src/lib/nexus/TelemetryService.ts(65,9): error TS2322: Type 'FieldValue' is not assignable to type 'string | number | Date'.
src/lib/pos-service.ts(39,31): error TS2339: Property 'costInCents' does not exist on type 'CartItem'.
src/lib/SelfHealingEngine.ts(29,9): error TS2322: Type '"medium"' is not assignable to type '"high" | "standard" | "paranoid"'.
src/lib/seo/SEOManager.ts(21,137): error TS2339: Property 'city' does not exist on type '{ id: string; key: string; name: string; status: "offline" | "error" | "locked" | "online" | "maintenance" | "provisioning"; tier: "standard" | "premium" | "enterprise" | "empire-limitless"; ... 7 more ...; firebaseConfig?: { ...; } | undefined; } | { ...; }'.
  Property 'city' does not exist on type '{ id: string; key: string; name: string; status: "offline" | "error" | "locked" | "online" | "maintenance" | "provisioning"; tier: "standard" | "premium" | "enterprise" | "empire-limitless"; ... 7 more ...; firebaseConfig?: { ...; } | undefined; }'.
src/lib/shared-kernel.ts(85,37): error TS2538: Type 'unknown' cannot be used as an index type.
src/lib/shared-kernel.ts(90,27): error TS2538: Type 'unknown' cannot be used as an index type.
src/lib/shared-kernel.ts(92,27): error TS2538: Type 'unknown' cannot be used as an index type.
src/lib/shared-kernel.ts(97,27): error TS2538: Type 'unknown' cannot be used as an index type.
src/lib/shared-kernel.ts(98,56): error TS2345: Argument of type 'unknown' is not assignable to parameter of type 'Record<string, unknown>[]'.
src/lib/simulator/TemporalSimulator.ts(6,29): error TS2724: '"@/domain/services/SimulationService"' has no exported member named 'SIMULATION_PROFILES'. Did you mean 'SimulationProfile'?
src/lib/SovereignGuard.ts(53,9): error TS2322: Type '"critical"' is not assignable to type '"high" | "standard" | "paranoid"'.
src/shared/seeds/restaurant-full-dna.ts(59,3): error TS2739: Type '{ primaryColor: string; typography: string; logoUrl: string; }' is missing the following properties from type 'TenantTheme': secondaryColor, borderRadius, appearance
src/shared/seeds/restaurant-full-dna.ts(64,3): error TS2739: Type '{ active: true; licenceStatus: "active"; lastSignalId: string; updatedAt: string; layoutType: "sidebar"; businessLaws: { table_count: number; tax_rate: number; currency: string; pmsEnabled: true; }; economy: { ...; }; }' is missing the following properties from type 'OrchestratorSignal': maintenanceMode, killSwitch
src/shared/seeds/restaurant-full-dna.ts(83,3): error TS2741: Property 'version' is missing in type '{ name: string; ownerId: string; createdAt: string; }' but required in type '{ name: string; version: string; ownerId?: string | undefined; createdAt?: string | undefined; }'.
src/store/analyticsAtoms.ts(43,64): error TS2339: Property 'productId' does not exist on type 'Recipe'.
src/store/dashboardAtoms.ts(16,11): error TS2339: Property 'updatedAt' does not exist on type 'Order'.
src/store/dashboardAtoms.ts(16,26): error TS2339: Property 'updatedAt' does not exist on type 'Order'.
src/store/dashboardAtoms.ts(30,43): error TS2367: This comparison appears to be unintentional because the types '"low" | "available" | "reserved" | "expired" | "quarantine" | "depleted"' and '"discarded"' have no overlap.
src/store/dashboardAtoms.ts(46,53): error TS2367: This comparison appears to be unintentional because the types '"draft" | "cancelled" | "preparing" | "ready" | "delivered" | "paid"' and '"ordered"' have no overlap.
src/store/operationalAtoms.ts(98,27): error TS2305: Module '"./fleetAtoms"' has no exported member 'fleetClusterAtomFamily'.
src/store/selectors/financeSelectors.ts(2,10): error TS2305: Module '"@/store/posAtoms"' has no exported member 'posCartTotalSelector'.
src/store/selectors/financeSelectors.ts(3,10): error TS2305: Module '"@/store/qualityAtoms"' has no exported member 'qualityGlobalMetricsSelector'.
src/store/selectors/financeSelectors.ts(20,29): error TS18046: 'qualityMetrics' is of type 'unknown'.
src/store/selectors/financeSelectors.ts(27,40): error TS18046: 'grossTurnover' is of type 'unknown'.
src/store/selectors/financeSelectors.ts(43,24): error TS2571: Object is of type 'unknown'.
src/store/useNexusNode.ts(26,25): error TS2769: No overload matches this call.
  Overload 1 of 2, '(atom: Atom<NexusNode<T>>, options?: (Options & { delay?: number | undefined; unstable_promiseStatus?: boolean | undefined; }) | undefined): NexusNode<...>', gave the following error.
    Argument of type 'NexusNode<T>' is not assignable to parameter of type 'Atom<NexusNode<T>>'.
      Property 'read' is missing in type 'NexusNode<T>' but required in type 'Atom<NexusNode<T>>'.
  Overload 2 of 2, '(atom: Atom<unknown>, options?: (Options & { delay?: number | undefined; unstable_promiseStatus?: boolean | undefined; }) | undefined): unknown', gave the following error.
    Argument of type 'NexusNode<T>' is not assignable to parameter of type 'Atom<unknown>'.
      Property 'read' is missing in type 'NexusNode<T>' but required in type 'Atom<unknown>'.
src/tests/benchmarks/stress_test_omega.ts(1,18): error TS2459: Module '"@/domain/services/Slayer"' declares 'LegacyOrder' locally, but it is not exported.
src/tests/vanguard/chaos.test.ts(19,113): error TS2353: Object literal may only specify known properties, and 'lastUpdated' does not exist in type 'Partial<Omit<NexusNode<never>, "lastUpdated">>'.
src/tests/vanguard/domain.test.ts(59,20): error TS18046: 'sanitized.ingredients' is of type 'unknown'.
src/tests/vanguard/domain.test.ts(60,20): error TS18046: 'sanitized.ingredients' is of type 'unknown'.
src/tests/vanguard/nexus.test.ts(24,26): error TS2554: Expected 1-4 arguments, but got 0.
src/tests/vanguard/nexus.test.ts(32,26): error TS2554: Expected 1-4 arguments, but got 0.
src/tests/vanguard/nexus.test.ts(44,26): error TS2554: Expected 1-4 arguments, but got 0.
src/tests/vanguard/nexus.test.ts(56,26): error TS2554: Expected 1-4 arguments, but got 0.
src/tests/vanguard/nexus.test.ts(68,26): error TS2554: Expected 1-4 arguments, but got 0.
src/tests/vanguard/nexus.test.ts(81,26): error TS2554: Expected 1-4 arguments, but got 0.
src/tests/vanguard/nexus.test.ts(103,26): error TS2554: Expected 1-4 arguments, but got 0.
src/tests/vanguard/nexus.test.ts(114,26): error TS2554: Expected 1-4 arguments, but got 0.
src/tests/vanguard/nexus.test.ts(125,26): error TS2554: Expected 1-4 arguments, but got 0.
src/types/common.types.ts(124,18): error TS2304: Cannot find name 'Ingredient'.
src/types/index.ts(31,1): error TS2308: Module './inventory.types' has already exported a member named 'TemperatureLog'. Consider explicitly re-exporting to resolve the ambiguity.
src/types/index.ts(40,1): error TS2308: Module './reservations.types' has already exported a member named 'GroupEvent'. Consider explicitly re-exporting to resolve the ambiguity.
